Java HotSpot(TM) 64-Bit Server VM (25.271-b09) for bsd-amd64 JRE (1.8.0_271-b09), built on Sep 16 2020 16:54:38 by "java_re" with gcc 4.2.1 Compatible Apple LLVM 10.0.0 (clang-1000.11.45.5)
Memory: 4k page, physical 67108864k(1253144k free)

/proc/meminfo:

CommandLine flags: -XX:InitialHeapSize=4294967296 -XX:MaxHeapSize=4294967296 -XX:MaxNewSize=1134141440 -XX:MaxTenuringThreshold=6 -XX:NewSize=1134141440 -XX:OldPLABSize=16 -XX:OldSize=2268282880 -XX:+PrintGC -XX:+PrintGCDateStamps -XX:+PrintGCDetails -XX:+PrintGCTimeStamps -XX:+UseCompressedClassPointers -XX:+UseCompressedOops -XX:+UseConcMarkSweepGC -XX:+UseParNewGC 
2020-10-29T06:19:38.557-0800: 0.420: [GC (Allocation Failure) 2020-10-29T06:19:38.557-0800: 0.420: [ParNew: 886080K->110719K(996800K), 0.0748724 secs] 886080K->208708K(4083584K), 0.0749824 secs] [Times: user=0.16 sys=0.62, real=0.08 secs] 
2020-10-29T06:19:38.731-0800: 0.594: [GC (Allocation Failure) 2020-10-29T06:19:38.731-0800: 0.594: [ParNew: 996799K->110720K(996800K), 0.0779941 secs] 1094788K->351999K(4083584K), 0.0780705 secs] [Times: user=0.18 sys=0.63, real=0.07 secs] 
2020-10-29T06:19:38.900-0800: 0.763: [GC (Allocation Failure) 2020-10-29T06:19:38.900-0800: 0.763: [ParNew: 996800K->110719K(996800K), 0.0831424 secs] 1238079K->508247K(4083584K), 0.0832161 secs] [Times: user=1.03 sys=0.05, real=0.08 secs] 
2020-10-29T06:19:39.077-0800: 0.940: [GC (Allocation Failure) 2020-10-29T06:19:39.077-0800: 0.940: [ParNew: 996799K->110719K(996800K), 0.0762489 secs] 1394327K->653140K(4083584K), 0.0763670 secs] [Times: user=0.95 sys=0.03, real=0.08 secs] 
Heap
 par new generation   total 996800K, used 578697K [0x00000006c0000000, 0x0000000703990000, 0x0000000703990000)
  eden space 886080K,  52% used [0x00000006c0000000, 0x00000006dc902860, 0x00000006f6150000)
  from space 110720K,  99% used [0x00000006f6150000, 0x00000006fcd6fca0, 0x00000006fcd70000)
  to   space 110720K,   0% used [0x00000006fcd70000, 0x00000006fcd70000, 0x0000000703990000)
 concurrent mark-sweep generation total 3086784K, used 542421K [0x0000000703990000, 0x00000007c0000000, 0x00000007c0000000)
 Metaspace       used 2732K, capacity 4486K, committed 4864K, reserved 1056768K
  class space    used 296K, capacity 386K, committed 512K, reserved 1048576K
