Java HotSpot(TM) 64-Bit Server VM (25.271-b09) for bsd-amd64 JRE (1.8.0_271-b09), built on Sep 16 2020 16:54:38 by "java_re" with gcc 4.2.1 Compatible Apple LLVM 10.0.0 (clang-1000.11.45.5)
Memory: 4k page, physical 67108864k(1298528k free)

/proc/meminfo:

CommandLine flags: -XX:InitialHeapSize=536870912 -XX:MaxHeapSize=536870912 -XX:MaxNewSize=178958336 -XX:MaxTenuringThreshold=6 -XX:NewSize=178958336 -XX:OldPLABSize=16 -XX:OldSize=357912576 -XX:+PrintGC -XX:+PrintGCDateStamps -XX:+PrintGCDetails -XX:+PrintGCTimeStamps -XX:+UseCompressedClassPointers -XX:+UseCompressedOops -XX:+UseConcMarkSweepGC -XX:+UseParNewGC 
2020-10-29T06:16:07.239-0800: 0.124: [GC (Allocation Failure) 2020-10-29T06:16:07.239-0800: 0.124: [ParNew: 139776K->17470K(157248K), 0.0167267 secs] 139776K->49057K(506816K), 0.0169141 secs] [Times: user=0.04 sys=0.13, real=0.02 secs] 
2020-10-29T06:16:07.273-0800: 0.158: [GC (Allocation Failure) 2020-10-29T06:16:07.273-0800: 0.158: [ParNew: 157246K->17472K(157248K), 0.0156110 secs] 188833K->85196K(506816K), 0.0156865 secs] [Times: user=0.05 sys=0.11, real=0.01 secs] 
2020-10-29T06:16:07.302-0800: 0.187: [GC (Allocation Failure) 2020-10-29T06:16:07.302-0800: 0.187: [ParNew: 157248K->17471K(157248K), 0.0186707 secs] 224972K->126759K(506816K), 0.0187430 secs] [Times: user=0.23 sys=0.01, real=0.02 secs] 
2020-10-29T06:16:07.337-0800: 0.221: [GC (Allocation Failure) 2020-10-29T06:16:07.337-0800: 0.221: [ParNew: 157247K->17469K(157248K), 0.0169263 secs] 266535K->163280K(506816K), 0.0170087 secs] [Times: user=0.21 sys=0.01, real=0.02 secs] 
2020-10-29T06:16:07.367-0800: 0.252: [GC (Allocation Failure) 2020-10-29T06:16:07.367-0800: 0.252: [ParNew: 157245K->17471K(157248K), 0.0183899 secs] 303056K->202430K(506816K), 0.0184662 secs] [Times: user=0.22 sys=0.01, real=0.02 secs] 
2020-10-29T06:16:07.386-0800: 0.271: [GC (CMS Initial Mark) [1 CMS-initial-mark: 184958K(349568K)] 205627K(506816K), 0.0001926 secs] [Times: user=0.00 sys=0.00, real=0.00 secs] 
2020-10-29T06:16:07.386-0800: 0.271: [CMS-concurrent-mark-start]
2020-10-29T06:16:07.388-0800: 0.273: [CMS-concurrent-mark: 0.002/0.002 secs] [Times: user=0.00 sys=0.00, real=0.00 secs] 
2020-10-29T06:16:07.388-0800: 0.273: [CMS-concurrent-preclean-start]
2020-10-29T06:16:07.388-0800: 0.273: [CMS-concurrent-preclean: 0.000/0.000 secs] [Times: user=0.00 sys=0.00, real=0.00 secs] 
2020-10-29T06:16:07.388-0800: 0.273: [CMS-concurrent-abortable-preclean-start]
2020-10-29T06:16:07.400-0800: 0.285: [GC (Allocation Failure) 2020-10-29T06:16:07.400-0800: 0.285: [ParNew: 157247K->17469K(157248K), 0.0197912 secs] 342206K->243082K(506816K), 0.0198983 secs] [Times: user=0.24 sys=0.01, real=0.02 secs] 
2020-10-29T06:16:07.431-0800: 0.316: [GC (Allocation Failure) 2020-10-29T06:16:07.431-0800: 0.316: [ParNew: 156721K->17471K(157248K), 0.0235349 secs] 382334K->293277K(506816K), 0.0236058 secs] [Times: user=0.28 sys=0.02, real=0.02 secs] 
2020-10-29T06:16:07.466-0800: 0.351: [GC (Allocation Failure) 2020-10-29T06:16:07.466-0800: 0.351: [ParNew: 157247K->17471K(157248K), 0.0211967 secs] 433053K->340491K(506816K), 0.0213063 secs] [Times: user=0.26 sys=0.01, real=0.02 secs] 
2020-10-29T06:16:07.500-0800: 0.385: [GC (Allocation Failure) 2020-10-29T06:16:07.500-0800: 0.385: [ParNew: 157247K->157247K(157248K), 0.0000168 secs]2020-10-29T06:16:07.500-0800: 0.385: [CMS2020-10-29T06:16:07.500-0800: 0.385: [CMS-concurrent-abortable-preclean: 0.003/0.112 secs] [Times: user=0.84 sys=0.04, real=0.12 secs] 
 (concurrent mode failure): 323019K->252681K(349568K), 0.0351938 secs] 480267K->252681K(506816K), [Metaspace: 2725K->2725K(1056768K)], 0.0353086 secs] [Times: user=0.03 sys=0.00, real=0.03 secs] 
2020-10-29T06:16:07.554-0800: 0.439: [GC (Allocation Failure) 2020-10-29T06:16:07.554-0800: 0.439: [ParNew: 139776K->17470K(157248K), 0.0053420 secs] 392457K->298140K(506816K), 0.0054291 secs] [Times: user=0.07 sys=0.00, real=0.00 secs] 
2020-10-29T06:16:07.559-0800: 0.444: [GC (CMS Initial Mark) [1 CMS-initial-mark: 280669K(349568K)] 301403K(506816K), 0.0003324 secs] [Times: user=0.00 sys=0.00, real=0.01 secs] 
2020-10-29T06:16:07.560-0800: 0.445: [CMS-concurrent-mark-start]
2020-10-29T06:16:07.560-0800: 0.445: [CMS-concurrent-mark: 0.001/0.001 secs] [Times: user=0.00 sys=0.00, real=0.00 secs] 
2020-10-29T06:16:07.560-0800: 0.445: [CMS-concurrent-preclean-start]
2020-10-29T06:16:07.561-0800: 0.446: [CMS-concurrent-preclean: 0.000/0.000 secs] [Times: user=0.00 sys=0.00, real=0.00 secs] 
2020-10-29T06:16:07.561-0800: 0.446: [CMS-concurrent-abortable-preclean-start]
2020-10-29T06:16:07.576-0800: 0.461: [GC (Allocation Failure) 2020-10-29T06:16:07.576-0800: 0.461: [ParNew: 157246K->17471K(157248K), 0.0067389 secs] 437916K->340472K(506816K), 0.0068141 secs] [Times: user=0.09 sys=0.00, real=0.01 secs] 
2020-10-29T06:16:07.597-0800: 0.482: [GC (Allocation Failure) 2020-10-29T06:16:07.597-0800: 0.482: [ParNew: 157025K->157025K(157248K), 0.0000171 secs]2020-10-29T06:16:07.597-0800: 0.482: [CMS2020-10-29T06:16:07.597-0800: 0.482: [CMS-concurrent-abortable-preclean: 0.002/0.036 secs] [Times: user=0.11 sys=0.00, real=0.03 secs] 
 (concurrent mode failure): 323001K->288818K(349568K), 0.0371949 secs] 480026K->288818K(506816K), [Metaspace: 2725K->2725K(1056768K)], 0.0373080 secs] [Times: user=0.04 sys=0.00, real=0.04 secs] 
2020-10-29T06:16:07.654-0800: 0.539: [GC (Allocation Failure) 2020-10-29T06:16:07.654-0800: 0.539: [ParNew: 139776K->17468K(157248K), 0.0059222 secs] 428594K->337557K(506816K), 0.0060005 secs] [Times: user=0.07 sys=0.00, real=0.01 secs] 
2020-10-29T06:16:07.660-0800: 0.545: [GC (CMS Initial Mark) [1 CMS-initial-mark: 320088K(349568K)] 340548K(506816K), 0.0002362 secs] [Times: user=0.00 sys=0.00, real=0.00 secs] 
2020-10-29T06:16:07.661-0800: 0.546: [CMS-concurrent-mark-start]
2020-10-29T06:16:07.661-0800: 0.546: [CMS-concurrent-mark: 0.001/0.001 secs] [Times: user=0.01 sys=0.00, real=0.00 secs] 
2020-10-29T06:16:07.661-0800: 0.546: [CMS-concurrent-preclean-start]
2020-10-29T06:16:07.662-0800: 0.547: [CMS-concurrent-preclean: 0.001/0.001 secs] [Times: user=0.00 sys=0.00, real=0.00 secs] 
2020-10-29T06:16:07.662-0800: 0.547: [CMS-concurrent-abortable-preclean-start]
2020-10-29T06:16:07.662-0800: 0.547: [CMS-concurrent-abortable-preclean: 0.000/0.000 secs] [Times: user=0.00 sys=0.00, real=0.00 secs] 
2020-10-29T06:16:07.662-0800: 0.547: [GC (CMS Final Remark) [YG occupancy: 31160 K (157248 K)]2020-10-29T06:16:07.662-0800: 0.547: [Rescan (parallel) , 0.0002192 secs]2020-10-29T06:16:07.662-0800: 0.547: [weak refs processing, 0.0000134 secs]2020-10-29T06:16:07.662-0800: 0.547: [class unloading, 0.0001756 secs]2020-10-29T06:16:07.662-0800: 0.547: [scrub symbol table, 0.0002814 secs]2020-10-29T06:16:07.663-0800: 0.548: [scrub string table, 0.0001284 secs][1 CMS-remark: 320088K(349568K)] 351249K(506816K), 0.0008702 secs] [Times: user=0.00 sys=0.00, real=0.00 secs] 
2020-10-29T06:16:07.663-0800: 0.548: [CMS-concurrent-sweep-start]
2020-10-29T06:16:07.663-0800: 0.548: [CMS-concurrent-sweep: 0.000/0.000 secs] [Times: user=0.00 sys=0.00, real=0.00 secs] 
2020-10-29T06:16:07.663-0800: 0.548: [CMS-concurrent-reset-start]
2020-10-29T06:16:07.664-0800: 0.549: [CMS-concurrent-reset: 0.000/0.000 secs] [Times: user=0.00 sys=0.00, real=0.00 secs] 
2020-10-29T06:16:07.677-0800: 0.562: [GC (Allocation Failure) 2020-10-29T06:16:07.677-0800: 0.562: [ParNew: 157244K->17468K(157248K), 0.0104686 secs] 441426K->348401K(506816K), 0.0105329 secs] [Times: user=0.13 sys=0.00, real=0.01 secs] 
2020-10-29T06:16:07.688-0800: 0.573: [GC (CMS Initial Mark) [1 CMS-initial-mark: 330932K(349568K)] 352002K(506816K), 0.0001931 secs] [Times: user=0.00 sys=0.00, real=0.00 secs] 
2020-10-29T06:16:07.688-0800: 0.573: [CMS-concurrent-mark-start]
2020-10-29T06:16:07.688-0800: 0.573: [CMS-concurrent-mark: 0.001/0.001 secs] [Times: user=0.00 sys=0.00, real=0.00 secs] 
2020-10-29T06:16:07.688-0800: 0.573: [CMS-concurrent-preclean-start]
2020-10-29T06:16:07.689-0800: 0.574: [CMS-concurrent-preclean: 0.000/0.000 secs] [Times: user=0.01 sys=0.00, real=0.00 secs] 
2020-10-29T06:16:07.689-0800: 0.574: [CMS-concurrent-abortable-preclean-start]
2020-10-29T06:16:07.689-0800: 0.574: [CMS-concurrent-abortable-preclean: 0.000/0.000 secs] [Times: user=0.00 sys=0.00, real=0.00 secs] 
2020-10-29T06:16:07.689-0800: 0.574: [GC (CMS Final Remark) [YG occupancy: 27391 K (157248 K)]2020-10-29T06:16:07.689-0800: 0.574: [Rescan (parallel) , 0.0003683 secs]2020-10-29T06:16:07.689-0800: 0.574: [weak refs processing, 0.0000128 secs]2020-10-29T06:16:07.689-0800: 0.574: [class unloading, 0.0001641 secs]2020-10-29T06:16:07.690-0800: 0.574: [scrub symbol table, 0.0002571 secs]2020-10-29T06:16:07.690-0800: 0.575: [scrub string table, 0.0001130 secs][1 CMS-remark: 330932K(349568K)] 358324K(506816K), 0.0009685 secs] [Times: user=0.00 sys=0.00, real=0.01 secs] 
2020-10-29T06:16:07.690-0800: 0.575: [CMS-concurrent-sweep-start]
2020-10-29T06:16:07.690-0800: 0.575: [CMS-concurrent-sweep: 0.000/0.000 secs] [Times: user=0.00 sys=0.00, real=0.00 secs] 
2020-10-29T06:16:07.690-0800: 0.575: [CMS-concurrent-reset-start]
2020-10-29T06:16:07.691-0800: 0.576: [CMS-concurrent-reset: 0.000/0.000 secs] [Times: user=0.00 sys=0.00, real=0.00 secs] 
2020-10-29T06:16:07.704-0800: 0.589: [GC (Allocation Failure) 2020-10-29T06:16:07.704-0800: 0.589: [ParNew: 157244K->157244K(157248K), 0.0000157 secs]2020-10-29T06:16:07.704-0800: 0.589: [CMS: 293388K->323633K(349568K), 0.0401359 secs] 450633K->323633K(506816K), [Metaspace: 2725K->2725K(1056768K)], 0.0402350 secs] [Times: user=0.04 sys=0.00, real=0.04 secs] 
2020-10-29T06:16:07.745-0800: 0.630: [GC (CMS Initial Mark) [1 CMS-initial-mark: 323633K(349568K)] 324203K(506816K), 0.0002596 secs] [Times: user=0.00 sys=0.00, real=0.00 secs] 
2020-10-29T06:16:07.745-0800: 0.630: [CMS-concurrent-mark-start]
2020-10-29T06:16:07.746-0800: 0.631: [CMS-concurrent-mark: 0.001/0.001 secs] [Times: user=0.01 sys=0.00, real=0.00 secs] 
2020-10-29T06:16:07.746-0800: 0.631: [CMS-concurrent-preclean-start]
2020-10-29T06:16:07.746-0800: 0.631: [CMS-concurrent-preclean: 0.001/0.001 secs] [Times: user=0.00 sys=0.00, real=0.00 secs] 
2020-10-29T06:16:07.746-0800: 0.631: [CMS-concurrent-abortable-preclean-start]
2020-10-29T06:16:07.763-0800: 0.648: [GC (Allocation Failure) 2020-10-29T06:16:07.763-0800: 0.648: [ParNew: 139776K->139776K(157248K), 0.0000190 secs]2020-10-29T06:16:07.763-0800: 0.648: [CMS2020-10-29T06:16:07.763-0800: 0.648: [CMS-concurrent-abortable-preclean: 0.001/0.017 secs] [Times: user=0.02 sys=0.01, real=0.02 secs] 
 (concurrent mode failure): 323633K->333940K(349568K), 0.0476426 secs] 463409K->333940K(506816K), [Metaspace: 2725K->2725K(1056768K)], 0.0477581 secs] [Times: user=0.04 sys=0.00, real=0.05 secs] 
2020-10-29T06:16:07.830-0800: 0.715: [GC (Allocation Failure) 2020-10-29T06:16:07.830-0800: 0.715: [ParNew: 139719K->139719K(157248K), 0.0000202 secs]2020-10-29T06:16:07.830-0800: 0.715: [CMS: 333940K->335409K(349568K), 0.0464952 secs] 473659K->335409K(506816K), [Metaspace: 2725K->2725K(1056768K)], 0.0466157 secs] [Times: user=0.05 sys=0.00, real=0.04 secs] 
2020-10-29T06:16:07.877-0800: 0.762: [GC (CMS Initial Mark) [1 CMS-initial-mark: 335409K(349568K)] 335880K(506816K), 0.0003159 secs] [Times: user=0.00 sys=0.00, real=0.00 secs] 
2020-10-29T06:16:07.878-0800: 0.763: [CMS-concurrent-mark-start]
2020-10-29T06:16:07.878-0800: 0.763: [CMS-concurrent-mark: 0.001/0.001 secs] [Times: user=0.00 sys=0.00, real=0.00 secs] 
2020-10-29T06:16:07.878-0800: 0.763: [CMS-concurrent-preclean-start]
2020-10-29T06:16:07.879-0800: 0.764: [CMS-concurrent-preclean: 0.001/0.001 secs] [Times: user=0.00 sys=0.00, real=0.00 secs] 
2020-10-29T06:16:07.879-0800: 0.764: [CMS-concurrent-abortable-preclean-start]
2020-10-29T06:16:07.879-0800: 0.764: [CMS-concurrent-abortable-preclean: 0.000/0.000 secs] [Times: user=0.00 sys=0.00, real=0.00 secs] 
2020-10-29T06:16:07.879-0800: 0.764: [GC (CMS Final Remark) [YG occupancy: 14673 K (157248 K)]2020-10-29T06:16:07.879-0800: 0.764: [Rescan (parallel) , 0.0003810 secs]2020-10-29T06:16:07.880-0800: 0.765: [weak refs processing, 0.0000174 secs]2020-10-29T06:16:07.880-0800: 0.765: [class unloading, 0.0002055 secs]2020-10-29T06:16:07.880-0800: 0.765: [scrub symbol table, 0.0003584 secs]2020-10-29T06:16:07.880-0800: 0.765: [scrub string table, 0.0001633 secs][1 CMS-remark: 335409K(349568K)] 350082K(506816K), 0.0012292 secs] [Times: user=0.01 sys=0.00, real=0.01 secs] 
2020-10-29T06:16:07.881-0800: 0.765: [CMS-concurrent-sweep-start]
2020-10-29T06:16:07.881-0800: 0.766: [CMS-concurrent-sweep: 0.000/0.000 secs] [Times: user=0.00 sys=0.00, real=0.00 secs] 
2020-10-29T06:16:07.881-0800: 0.766: [CMS-concurrent-reset-start]
2020-10-29T06:16:07.881-0800: 0.766: [CMS-concurrent-reset: 0.000/0.000 secs] [Times: user=0.00 sys=0.00, real=0.00 secs] 
2020-10-29T06:16:07.899-0800: 0.784: [GC (Allocation Failure) 2020-10-29T06:16:07.899-0800: 0.784: [ParNew: 139776K->139776K(157248K), 0.0000199 secs]2020-10-29T06:16:07.899-0800: 0.784: [CMS: 334702K->339171K(349568K), 0.0468425 secs] 474478K->339171K(506816K), [Metaspace: 2725K->2725K(1056768K)], 0.0469590 secs] [Times: user=0.04 sys=0.00, real=0.05 secs] 
2020-10-29T06:16:07.946-0800: 0.831: [GC (CMS Initial Mark) [1 CMS-initial-mark: 339171K(349568K)] 341955K(506816K), 0.0003251 secs] [Times: user=0.00 sys=0.00, real=0.00 secs] 
2020-10-29T06:16:07.946-0800: 0.831: [CMS-concurrent-mark-start]
2020-10-29T06:16:07.947-0800: 0.832: [CMS-concurrent-mark: 0.001/0.001 secs] [Times: user=0.00 sys=0.00, real=0.00 secs] 
2020-10-29T06:16:07.947-0800: 0.832: [CMS-concurrent-preclean-start]
2020-10-29T06:16:07.948-0800: 0.833: [CMS-concurrent-preclean: 0.001/0.001 secs] [Times: user=0.01 sys=0.00, real=0.00 secs] 
2020-10-29T06:16:07.948-0800: 0.833: [CMS-concurrent-abortable-preclean-start]
2020-10-29T06:16:07.948-0800: 0.833: [CMS-concurrent-abortable-preclean: 0.000/0.000 secs] [Times: user=0.00 sys=0.00, real=0.00 secs] 
2020-10-29T06:16:07.948-0800: 0.833: [GC (CMS Final Remark) [YG occupancy: 13830 K (157248 K)]2020-10-29T06:16:07.948-0800: 0.833: [Rescan (parallel) , 0.0003352 secs]2020-10-29T06:16:07.948-0800: 0.833: [weak refs processing, 0.0000149 secs]2020-10-29T06:16:07.948-0800: 0.833: [class unloading, 0.0002025 secs]2020-10-29T06:16:07.949-0800: 0.833: [scrub symbol table, 0.0003378 secs]2020-10-29T06:16:07.949-0800: 0.834: [scrub string table, 0.0001643 secs][1 CMS-remark: 339171K(349568K)] 353002K(506816K), 0.0011288 secs] [Times: user=0.00 sys=0.00, real=0.00 secs] 
2020-10-29T06:16:07.949-0800: 0.834: [CMS-concurrent-sweep-start]
2020-10-29T06:16:07.950-0800: 0.834: [CMS-concurrent-sweep: 0.000/0.000 secs] [Times: user=0.00 sys=0.00, real=0.01 secs] 
2020-10-29T06:16:07.950-0800: 0.835: [CMS-concurrent-reset-start]
2020-10-29T06:16:07.950-0800: 0.835: [CMS-concurrent-reset: 0.000/0.000 secs] [Times: user=0.00 sys=0.00, real=0.00 secs] 
2020-10-29T06:16:07.966-0800: 0.851: [GC (Allocation Failure) 2020-10-29T06:16:07.966-0800: 0.851: [ParNew: 139280K->139280K(157248K), 0.0000176 secs]2020-10-29T06:16:07.966-0800: 0.851: [CMS: 338528K->343755K(349568K), 0.0465760 secs] 477808K->343755K(506816K), [Metaspace: 2725K->2725K(1056768K)], 0.0466784 secs] [Times: user=0.04 sys=0.00, real=0.05 secs] 
2020-10-29T06:16:08.013-0800: 0.898: [GC (CMS Initial Mark) [1 CMS-initial-mark: 343755K(349568K)] 344355K(506816K), 0.0002497 secs] [Times: user=0.00 sys=0.00, real=0.00 secs] 
2020-10-29T06:16:08.014-0800: 0.898: [CMS-concurrent-mark-start]
2020-10-29T06:16:08.014-0800: 0.899: [CMS-concurrent-mark: 0.001/0.001 secs] [Times: user=0.00 sys=0.00, real=0.00 secs] 
2020-10-29T06:16:08.014-0800: 0.899: [CMS-concurrent-preclean-start]
2020-10-29T06:16:08.015-0800: 0.900: [CMS-concurrent-preclean: 0.001/0.001 secs] [Times: user=0.01 sys=0.00, real=0.00 secs] 
2020-10-29T06:16:08.015-0800: 0.900: [CMS-concurrent-abortable-preclean-start]
2020-10-29T06:16:08.015-0800: 0.900: [CMS-concurrent-abortable-preclean: 0.000/0.000 secs] [Times: user=0.00 sys=0.00, real=0.00 secs] 
2020-10-29T06:16:08.015-0800: 0.900: [GC (CMS Final Remark) [YG occupancy: 14061 K (157248 K)]2020-10-29T06:16:08.015-0800: 0.900: [Rescan (parallel) , 0.0003197 secs]2020-10-29T06:16:08.015-0800: 0.900: [weak refs processing, 0.0000171 secs]2020-10-29T06:16:08.015-0800: 0.900: [class unloading, 0.0002079 secs]2020-10-29T06:16:08.016-0800: 0.901: [scrub symbol table, 0.0003105 secs]2020-10-29T06:16:08.016-0800: 0.901: [scrub string table, 0.0001470 secs][1 CMS-remark: 343755K(349568K)] 357816K(506816K), 0.0010925 secs] [Times: user=0.00 sys=0.00, real=0.00 secs] 
2020-10-29T06:16:08.016-0800: 0.901: [CMS-concurrent-sweep-start]
2020-10-29T06:16:08.016-0800: 0.901: [CMS-concurrent-sweep: 0.000/0.000 secs] [Times: user=0.00 sys=0.00, real=0.00 secs] 
2020-10-29T06:16:08.017-0800: 0.901: [CMS-concurrent-reset-start]
2020-10-29T06:16:08.017-0800: 0.902: [CMS-concurrent-reset: 0.000/0.000 secs] [Times: user=0.00 sys=0.00, real=0.00 secs] 
2020-10-29T06:16:08.032-0800: 0.917: [GC (Allocation Failure) 2020-10-29T06:16:08.032-0800: 0.917: [ParNew: 139776K->139776K(157248K), 0.0000191 secs]2020-10-29T06:16:08.032-0800: 0.917: [CMS: 343202K->349444K(349568K), 0.0497151 secs] 482978K->356791K(506816K), [Metaspace: 2725K->2725K(1056768K)], 0.0498242 secs] [Times: user=0.04 sys=0.00, real=0.05 secs] 
2020-10-29T06:16:08.082-0800: 0.967: [GC (CMS Initial Mark) [1 CMS-initial-mark: 349444K(349568K)] 357205K(506816K), 0.0002118 secs] [Times: user=0.00 sys=0.00, real=0.00 secs] 
2020-10-29T06:16:08.083-0800: 0.967: [CMS-concurrent-mark-start]
2020-10-29T06:16:08.083-0800: 0.968: [CMS-concurrent-mark: 0.001/0.001 secs] [Times: user=0.01 sys=0.00, real=0.00 secs] 
2020-10-29T06:16:08.083-0800: 0.968: [CMS-concurrent-preclean-start]
2020-10-29T06:16:08.084-0800: 0.969: [CMS-concurrent-preclean: 0.001/0.001 secs] [Times: user=0.00 sys=0.00, real=0.00 secs] 
2020-10-29T06:16:08.084-0800: 0.969: [CMS-concurrent-abortable-preclean-start]
2020-10-29T06:16:08.084-0800: 0.969: [CMS-concurrent-abortable-preclean: 0.000/0.000 secs] [Times: user=0.00 sys=0.00, real=0.00 secs] 
2020-10-29T06:16:08.084-0800: 0.969: [GC (CMS Final Remark) [YG occupancy: 20478 K (157248 K)]2020-10-29T06:16:08.085-0800: 0.969: [Rescan (parallel) , 0.0003465 secs]2020-10-29T06:16:08.085-0800: 0.970: [weak refs processing, 0.0000142 secs]2020-10-29T06:16:08.085-0800: 0.970: [class unloading, 0.0001975 secs]2020-10-29T06:16:08.085-0800: 0.970: [scrub symbol table, 0.0003169 secs]2020-10-29T06:16:08.085-0800: 0.970: [scrub string table, 0.0001478 secs][1 CMS-remark: 349444K(349568K)] 369923K(506816K), 0.0010916 secs] [Times: user=0.00 sys=0.00, real=0.00 secs] 
2020-10-29T06:16:08.086-0800: 0.971: [CMS-concurrent-sweep-start]
2020-10-29T06:16:08.086-0800: 0.971: [CMS-concurrent-sweep: 0.000/0.000 secs] [Times: user=0.00 sys=0.00, real=0.00 secs] 
2020-10-29T06:16:08.086-0800: 0.971: [CMS-concurrent-reset-start]
2020-10-29T06:16:08.086-0800: 0.971: [CMS-concurrent-reset: 0.000/0.000 secs] [Times: user=0.00 sys=0.00, real=0.00 secs] 
2020-10-29T06:16:08.105-0800: 0.990: [GC (Allocation Failure) 2020-10-29T06:16:08.105-0800: 0.990: [ParNew: 157036K->157036K(157248K), 0.0000205 secs]2020-10-29T06:16:08.105-0800: 0.990: [CMS: 349261K->349394K(349568K), 0.0460496 secs] 506297K->354228K(506816K), [Metaspace: 2725K->2725K(1056768K)], 0.0461687 secs] [Times: user=0.05 sys=0.01, real=0.05 secs] 
2020-10-29T06:16:08.151-0800: 1.036: [GC (CMS Initial Mark) [1 CMS-initial-mark: 349394K(349568K)] 354516K(506816K), 0.0003086 secs] [Times: user=0.00 sys=0.00, real=0.00 secs] 
2020-10-29T06:16:08.152-0800: 1.036: [CMS-concurrent-mark-start]
2020-10-29T06:16:08.152-0800: 1.037: [CMS-concurrent-mark: 0.001/0.001 secs] [Times: user=0.00 sys=0.00, real=0.00 secs] 
2020-10-29T06:16:08.152-0800: 1.037: [CMS-concurrent-preclean-start]
2020-10-29T06:16:08.154-0800: 1.038: [CMS-concurrent-preclean: 0.001/0.001 secs] [Times: user=0.00 sys=0.00, real=0.00 secs] 
2020-10-29T06:16:08.154-0800: 1.038: [CMS-concurrent-abortable-preclean-start]
2020-10-29T06:16:08.154-0800: 1.038: [CMS-concurrent-abortable-preclean: 0.000/0.000 secs] [Times: user=0.00 sys=0.00, real=0.00 secs] 
2020-10-29T06:16:08.154-0800: 1.039: [GC (CMS Final Remark) [YG occupancy: 18723 K (157248 K)]2020-10-29T06:16:08.154-0800: 1.039: [Rescan (parallel) , 0.0004424 secs]2020-10-29T06:16:08.154-0800: 1.039: [weak refs processing, 0.0000174 secs]2020-10-29T06:16:08.154-0800: 1.039: [class unloading, 0.0001890 secs]2020-10-29T06:16:08.154-0800: 1.039: [scrub symbol table, 0.0003177 secs]2020-10-29T06:16:08.155-0800: 1.040: [scrub string table, 0.0001518 secs][1 CMS-remark: 349394K(349568K)] 368117K(506816K), 0.0012165 secs] [Times: user=0.01 sys=0.00, real=0.00 secs] 
2020-10-29T06:16:08.155-0800: 1.040: [CMS-concurrent-sweep-start]
2020-10-29T06:16:08.155-0800: 1.040: [CMS-concurrent-sweep: 0.000/0.000 secs] [Times: user=0.00 sys=0.00, real=0.00 secs] 
2020-10-29T06:16:08.155-0800: 1.040: [CMS-concurrent-reset-start]
2020-10-29T06:16:08.156-0800: 1.040: [CMS-concurrent-reset: 0.000/0.000 secs] [Times: user=0.00 sys=0.00, real=0.00 secs] 
2020-10-29T06:16:08.174-0800: 1.058: [GC (Allocation Failure) 2020-10-29T06:16:08.174-0800: 1.058: [ParNew: 157187K->157187K(157248K), 0.0000184 secs]2020-10-29T06:16:08.174-0800: 1.058: [CMS: 349316K->349307K(349568K), 0.0486014 secs] 506503K->363384K(506816K), [Metaspace: 2725K->2725K(1056768K)], 0.0487100 secs] [Times: user=0.04 sys=0.00, real=0.05 secs] 
2020-10-29T06:16:08.222-0800: 1.107: [GC (CMS Initial Mark) [1 CMS-initial-mark: 349307K(349568K)] 366448K(506816K), 0.0003215 secs] [Times: user=0.01 sys=0.00, real=0.00 secs] 
2020-10-29T06:16:08.223-0800: 1.108: [CMS-concurrent-mark-start]
Heap
 par new generation   total 157248K, used 19936K [0x00000007a0000000, 0x00000007aaaa0000, 0x00000007aaaa0000)
  eden space 139776K,  14% used [0x00000007a0000000, 0x00000007a1378108, 0x00000007a8880000)
  from space 17472K,   0% used [0x00000007a8880000, 0x00000007a8880000, 0x00000007a9990000)
  to   space 17472K,   0% used [0x00000007a9990000, 0x00000007a9990000, 0x00000007aaaa0000)
 concurrent mark-sweep generation total 349568K, used 349307K [0x00000007aaaa0000, 0x00000007c0000000, 0x00000007c0000000)
 Metaspace       used 2732K, capacity 4486K, committed 4864K, reserved 1056768K
  class space    used 296K, capacity 386K, committed 512K, reserved 1048576K
