Java HotSpot(TM) 64-Bit Server VM (25.271-b09) for bsd-amd64 JRE (1.8.0_271-b09), built on Sep 16 2020 16:54:38 by "java_re" with gcc 4.2.1 Compatible Apple LLVM 10.0.0 (clang-1000.11.45.5)
Memory: 4k page, physical 67108864k(1211632k free)

/proc/meminfo:

CommandLine flags: -XX:InitialHeapSize=536870912 -XX:MaxHeapSize=536870912 -XX:+PrintGC -XX:+PrintGCDateStamps -XX:+PrintGCTimeStamps -XX:+UseCompressedClassPointers -XX:+UseCompressedOops -XX:+UseG1GC 
2020-10-29T06:24:58.236-0800: 0.080: [GC pause (G1 Evacuation Pause) (young) 33M->11M(512M), 0.0043610 secs]
2020-10-29T06:24:58.248-0800: 0.092: [GC pause (G1 Evacuation Pause) (young) 42M->24M(512M), 0.0043567 secs]
2020-10-29T06:24:58.270-0800: 0.114: [GC pause (G1 Evacuation Pause) (young) 83M->41M(512M), 0.0059826 secs]
2020-10-29T06:24:58.293-0800: 0.137: [GC pause (G1 Evacuation Pause) (young) 125M->63M(512M), 0.0079072 secs]
2020-10-29T06:24:58.426-0800: 0.271: [GC pause (G1 Evacuation Pause) (young)-- 437M->329M(512M), 0.0109620 secs]
2020-10-29T06:24:58.438-0800: 0.282: [GC pause (G1 Humongous Allocation) (young) (initial-mark) 332M->330M(512M), 0.0038562 secs]
2020-10-29T06:24:58.442-0800: 0.286: [GC concurrent-root-region-scan-start]
2020-10-29T06:24:58.442-0800: 0.286: [GC concurrent-root-region-scan-end, 0.0001435 secs]
2020-10-29T06:24:58.442-0800: 0.286: [GC concurrent-mark-start]
2020-10-29T06:24:58.443-0800: 0.288: [GC concurrent-mark-end, 0.0016346 secs]
2020-10-29T06:24:58.444-0800: 0.288: [GC remark, 0.0014080 secs]
2020-10-29T06:24:58.445-0800: 0.289: [GC cleanup 344M->344M(512M), 0.0008743 secs]
2020-10-29T06:24:58.458-0800: 0.302: [GC pause (G1 Evacuation Pause) (young) 436M->363M(512M), 0.0051695 secs]
2020-10-29T06:24:58.464-0800: 0.309: [GC pause (G1 Evacuation Pause) (mixed) 382M->322M(512M), 0.0033605 secs]
2020-10-29T06:24:58.471-0800: 0.315: [GC pause (G1 Evacuation Pause) (mixed) 347M->284M(512M), 0.0031310 secs]
2020-10-29T06:24:58.477-0800: 0.321: [GC pause (G1 Evacuation Pause) (mixed) 310M->254M(512M), 0.0028186 secs]
2020-10-29T06:24:58.483-0800: 0.327: [GC pause (G1 Evacuation Pause) (mixed) 282M->227M(512M), 0.0032062 secs]
2020-10-29T06:24:58.489-0800: 0.333: [GC pause (G1 Evacuation Pause) (mixed) 252M->231M(512M), 0.0022860 secs]
2020-10-29T06:24:58.492-0800: 0.336: [GC pause (G1 Humongous Allocation) (young) (initial-mark) 232M->231M(512M), 0.0011897 secs]
2020-10-29T06:24:58.493-0800: 0.337: [GC concurrent-root-region-scan-start]
2020-10-29T06:24:58.493-0800: 0.337: [GC concurrent-root-region-scan-end, 0.0000654 secs]
2020-10-29T06:24:58.493-0800: 0.337: [GC concurrent-mark-start]
2020-10-29T06:24:58.494-0800: 0.338: [GC concurrent-mark-end, 0.0006434 secs]
2020-10-29T06:24:58.494-0800: 0.338: [GC remark, 0.0009142 secs]
2020-10-29T06:24:58.495-0800: 0.339: [GC cleanup 236M->233M(512M), 0.0005938 secs]
2020-10-29T06:24:58.495-0800: 0.339: [GC concurrent-cleanup-start]
2020-10-29T06:24:58.495-0800: 0.339: [GC concurrent-cleanup-end, 0.0000091 secs]
2020-10-29T06:24:58.517-0800: 0.362: [GC pause (G1 Evacuation Pause) (young)-- 414M->297M(512M), 0.0047700 secs]
2020-10-29T06:24:58.523-0800: 0.367: [GC pause (G1 Evacuation Pause) (mixed) 304M->277M(512M), 0.0036492 secs]
2020-10-29T06:24:58.527-0800: 0.371: [GC pause (G1 Humongous Allocation) (young) (initial-mark) 278M->278M(512M), 0.0013968 secs]
2020-10-29T06:24:58.528-0800: 0.373: [GC concurrent-root-region-scan-start]
2020-10-29T06:24:58.529-0800: 0.373: [GC concurrent-root-region-scan-end, 0.0000717 secs]
2020-10-29T06:24:58.529-0800: 0.373: [GC concurrent-mark-start]
2020-10-29T06:24:58.529-0800: 0.374: [GC concurrent-mark-end, 0.0008190 secs]
2020-10-29T06:24:58.529-0800: 0.374: [GC remark, 0.0011847 secs]
2020-10-29T06:24:58.531-0800: 0.375: [GC cleanup 283M->283M(512M), 0.0007755 secs]
2020-10-29T06:24:58.547-0800: 0.391: [GC pause (G1 Evacuation Pause) (young) 406M->315M(512M), 0.0040731 secs]
2020-10-29T06:24:58.552-0800: 0.397: [GC pause (G1 Evacuation Pause) (mixed) 326M->285M(512M), 0.0036601 secs]
2020-10-29T06:24:58.560-0800: 0.404: [GC pause (G1 Evacuation Pause) (mixed) 312M->291M(512M), 0.0025204 secs]
2020-10-29T06:24:58.563-0800: 0.407: [GC pause (G1 Humongous Allocation) (young) (initial-mark) 295M->291M(512M), 0.0015650 secs]
2020-10-29T06:24:58.565-0800: 0.409: [GC concurrent-root-region-scan-start]
2020-10-29T06:24:58.565-0800: 0.409: [GC concurrent-root-region-scan-end, 0.0000803 secs]
2020-10-29T06:24:58.565-0800: 0.409: [GC concurrent-mark-start]
2020-10-29T06:24:58.566-0800: 0.410: [GC concurrent-mark-end, 0.0008816 secs]
2020-10-29T06:24:58.566-0800: 0.410: [GC remark, 0.0012376 secs]
2020-10-29T06:24:58.567-0800: 0.411: [GC cleanup 299M->298M(512M), 0.0007632 secs]
2020-10-29T06:24:58.568-0800: 0.412: [GC concurrent-cleanup-start]
2020-10-29T06:24:58.568-0800: 0.412: [GC concurrent-cleanup-end, 0.0000081 secs]
2020-10-29T06:24:58.583-0800: 0.427: [GC pause (G1 Evacuation Pause) (young) 410M->323M(512M), 0.0037123 secs]
2020-10-29T06:24:58.589-0800: 0.433: [GC pause (G1 Evacuation Pause) (mixed) 337M->299M(512M), 0.0041125 secs]
2020-10-29T06:24:58.597-0800: 0.441: [GC pause (G1 Evacuation Pause) (mixed) 327M->309M(512M), 0.0026485 secs]
2020-10-29T06:24:58.600-0800: 0.444: [GC pause (G1 Humongous Allocation) (young) (initial-mark) 311M->309M(512M), 0.0014542 secs]
2020-10-29T06:24:58.602-0800: 0.446: [GC concurrent-root-region-scan-start]
2020-10-29T06:24:58.602-0800: 0.446: [GC concurrent-root-region-scan-end, 0.0000789 secs]
2020-10-29T06:24:58.602-0800: 0.446: [GC concurrent-mark-start]
2020-10-29T06:24:58.603-0800: 0.447: [GC concurrent-mark-end, 0.0009231 secs]
2020-10-29T06:24:58.603-0800: 0.447: [GC remark, 0.0013264 secs]
2020-10-29T06:24:58.604-0800: 0.448: [GC cleanup 316M->316M(512M), 0.0007823 secs]
2020-10-29T06:24:58.617-0800: 0.461: [GC pause (G1 Evacuation Pause) (young) 409M->342M(512M), 0.0040231 secs]
2020-10-29T06:24:58.624-0800: 0.468: [GC pause (G1 Evacuation Pause) (mixed) 359M->320M(512M), 0.0044781 secs]
2020-10-29T06:24:58.632-0800: 0.476: [GC pause (G1 Evacuation Pause) (mixed) 349M->329M(512M), 0.0028201 secs]
2020-10-29T06:24:58.635-0800: 0.479: [GC pause (G1 Humongous Allocation) (young) (initial-mark) 333M->331M(512M), 0.0015287 secs]
2020-10-29T06:24:58.637-0800: 0.481: [GC concurrent-root-region-scan-start]
2020-10-29T06:24:58.637-0800: 0.481: [GC concurrent-root-region-scan-end, 0.0000744 secs]
2020-10-29T06:24:58.637-0800: 0.481: [GC concurrent-mark-start]
2020-10-29T06:24:58.638-0800: 0.482: [GC concurrent-mark-end, 0.0009497 secs]
2020-10-29T06:24:58.638-0800: 0.482: [GC remark, 0.0012931 secs]
2020-10-29T06:24:58.639-0800: 0.483: [GC cleanup 339M->339M(512M), 0.0008375 secs]
2020-10-29T06:24:58.649-0800: 0.493: [GC pause (G1 Evacuation Pause) (young) 412M->352M(512M), 0.0034334 secs]
2020-10-29T06:24:58.655-0800: 0.499: [GC pause (G1 Evacuation Pause) (mixed) 370M->330M(512M), 0.0045108 secs]
2020-10-29T06:24:58.662-0800: 0.507: [GC pause (G1 Evacuation Pause) (mixed) 355M->335M(512M), 0.0030681 secs]
2020-10-29T06:24:58.666-0800: 0.510: [GC pause (G1 Humongous Allocation) (young) (initial-mark) 339M->335M(512M), 0.0016205 secs]
2020-10-29T06:24:58.668-0800: 0.512: [GC concurrent-root-region-scan-start]
2020-10-29T06:24:58.668-0800: 0.512: [GC concurrent-root-region-scan-end, 0.0000800 secs]
2020-10-29T06:24:58.668-0800: 0.512: [GC concurrent-mark-start]
2020-10-29T06:24:58.669-0800: 0.513: [GC concurrent-mark-end, 0.0009708 secs]
2020-10-29T06:24:58.669-0800: 0.513: [GC remark, 0.0013154 secs]
2020-10-29T06:24:58.670-0800: 0.515: [GC cleanup 343M->342M(512M), 0.0008652 secs]
2020-10-29T06:24:58.671-0800: 0.516: [GC concurrent-cleanup-start]
2020-10-29T06:24:58.671-0800: 0.516: [GC concurrent-cleanup-end, 0.0000114 secs]
2020-10-29T06:24:58.681-0800: 0.525: [GC pause (G1 Evacuation Pause) (young) 412M->353M(512M), 0.0032816 secs]
2020-10-29T06:24:58.687-0800: 0.531: [GC pause (G1 Evacuation Pause) (mixed) 375M->339M(512M), 0.0049638 secs]
2020-10-29T06:24:58.692-0800: 0.536: [GC pause (G1 Humongous Allocation) (young) (initial-mark) 339M->338M(512M), 0.0017095 secs]
2020-10-29T06:24:58.694-0800: 0.538: [GC concurrent-root-region-scan-start]
2020-10-29T06:24:58.694-0800: 0.538: [GC concurrent-root-region-scan-end, 0.0000771 secs]
2020-10-29T06:24:58.694-0800: 0.538: [GC concurrent-mark-start]
2020-10-29T06:24:58.695-0800: 0.539: [GC concurrent-mark-end, 0.0009933 secs]
2020-10-29T06:24:58.695-0800: 0.539: [GC remark, 0.0013668 secs]
2020-10-29T06:24:58.697-0800: 0.541: [GC cleanup 345M->345M(512M), 0.0008575 secs]
2020-10-29T06:24:58.707-0800: 0.551: [GC pause (G1 Evacuation Pause) (young) 413M->358M(512M), 0.0029795 secs]
2020-10-29T06:24:58.712-0800: 0.556: [GC pause (G1 Evacuation Pause) (mixed) 379M->349M(512M), 0.0045524 secs]
2020-10-29T06:24:58.717-0800: 0.561: [GC pause (G1 Humongous Allocation) (young) (initial-mark) 351M->349M(512M), 0.0015808 secs]
2020-10-29T06:24:58.719-0800: 0.563: [GC concurrent-root-region-scan-start]
2020-10-29T06:24:58.719-0800: 0.563: [GC concurrent-root-region-scan-end, 0.0000772 secs]
2020-10-29T06:24:58.719-0800: 0.563: [GC concurrent-mark-start]
2020-10-29T06:24:58.720-0800: 0.564: [GC concurrent-mark-end, 0.0009556 secs]
2020-10-29T06:24:58.720-0800: 0.564: [GC remark, 0.0012717 secs]
2020-10-29T06:24:58.721-0800: 0.566: [GC cleanup 358M->358M(512M), 0.0007802 secs]
2020-10-29T06:24:58.729-0800: 0.573: [GC pause (G1 Evacuation Pause) (young) 402M->362M(512M), 0.0026880 secs]
2020-10-29T06:24:58.734-0800: 0.578: [GC pause (G1 Evacuation Pause) (mixed) 389M->349M(512M), 0.0045357 secs]
2020-10-29T06:24:58.739-0800: 0.584: [GC pause (G1 Humongous Allocation) (young) (initial-mark) 353M->349M(512M), 0.0016673 secs]
2020-10-29T06:24:58.741-0800: 0.585: [GC concurrent-root-region-scan-start]
2020-10-29T06:24:58.741-0800: 0.585: [GC concurrent-root-region-scan-end, 0.0000703 secs]
2020-10-29T06:24:58.741-0800: 0.585: [GC concurrent-mark-start]
2020-10-29T06:24:58.742-0800: 0.586: [GC concurrent-mark-end, 0.0008683 secs]
2020-10-29T06:24:58.742-0800: 0.586: [GC remark, 0.0014473 secs]
2020-10-29T06:24:58.744-0800: 0.588: [GC cleanup 357M->357M(512M), 0.0008876 secs]
2020-10-29T06:24:58.750-0800: 0.595: [GC pause (G1 Evacuation Pause) (young) 404M->364M(512M), 0.0029821 secs]
2020-10-29T06:24:58.757-0800: 0.601: [GC pause (G1 Evacuation Pause) (mixed) 393M->350M(512M), 0.0049777 secs]
2020-10-29T06:24:58.762-0800: 0.606: [GC pause (G1 Humongous Allocation) (young) (initial-mark) 351M->351M(512M), 0.0016303 secs]
2020-10-29T06:24:58.764-0800: 0.608: [GC concurrent-root-region-scan-start]
2020-10-29T06:24:58.764-0800: 0.608: [GC concurrent-root-region-scan-end, 0.0000790 secs]
2020-10-29T06:24:58.764-0800: 0.608: [GC concurrent-mark-start]
2020-10-29T06:24:58.765-0800: 0.609: [GC concurrent-mark-end, 0.0009803 secs]
2020-10-29T06:24:58.765-0800: 0.609: [GC remark, 0.0013906 secs]
2020-10-29T06:24:58.766-0800: 0.610: [GC cleanup 358M->358M(512M), 0.0007904 secs]
2020-10-29T06:24:58.772-0800: 0.616: [GC pause (G1 Evacuation Pause) (young) 397M->363M(512M), 0.0024854 secs]
2020-10-29T06:24:58.778-0800: 0.622: [GC pause (G1 Evacuation Pause) (mixed) 388M->352M(512M), 0.0041502 secs]
2020-10-29T06:24:58.783-0800: 0.627: [GC pause (G1 Humongous Allocation) (young) (initial-mark) 354M->352M(512M), 0.0015494 secs]
2020-10-29T06:24:58.784-0800: 0.628: [GC concurrent-root-region-scan-start]
2020-10-29T06:24:58.784-0800: 0.628: [GC concurrent-root-region-scan-end, 0.0000763 secs]
2020-10-29T06:24:58.784-0800: 0.628: [GC concurrent-mark-start]
2020-10-29T06:24:58.785-0800: 0.629: [GC concurrent-mark-end, 0.0008945 secs]
2020-10-29T06:24:58.785-0800: 0.629: [GC remark, 0.0016394 secs]
2020-10-29T06:24:58.787-0800: 0.631: [GC cleanup 357M->357M(512M), 0.0008198 secs]
2020-10-29T06:24:58.794-0800: 0.638: [GC pause (G1 Evacuation Pause) (young) 407M->369M(512M), 0.0030431 secs]
2020-10-29T06:24:58.799-0800: 0.644: [GC pause (G1 Evacuation Pause) (mixed) 393M->362M(512M), 0.0040248 secs]
2020-10-29T06:24:58.804-0800: 0.648: [GC pause (G1 Humongous Allocation) (young) (initial-mark) 367M->363M(512M), 0.0017150 secs]
2020-10-29T06:24:58.806-0800: 0.650: [GC concurrent-root-region-scan-start]
2020-10-29T06:24:58.806-0800: 0.650: [GC concurrent-root-region-scan-end, 0.0000749 secs]
2020-10-29T06:24:58.806-0800: 0.650: [GC concurrent-mark-start]
2020-10-29T06:24:58.807-0800: 0.651: [GC concurrent-mark-end, 0.0009385 secs]
2020-10-29T06:24:58.807-0800: 0.651: [GC remark, 0.0013374 secs]
2020-10-29T06:24:58.808-0800: 0.652: [GC cleanup 373M->373M(512M), 0.0008374 secs]
2020-10-29T06:24:58.813-0800: 0.657: [GC pause (G1 Evacuation Pause) (young) 400M->370M(512M), 0.0027162 secs]
2020-10-29T06:24:58.819-0800: 0.664: [GC pause (G1 Evacuation Pause) (mixed) 397M->362M(512M), 0.0043416 secs]
2020-10-29T06:24:58.825-0800: 0.669: [GC pause (G1 Humongous Allocation) (young) (initial-mark) 371M->363M(512M), 0.0017611 secs]
2020-10-29T06:24:58.827-0800: 0.671: [GC concurrent-root-region-scan-start]
2020-10-29T06:24:58.827-0800: 0.671: [GC concurrent-root-region-scan-end, 0.0000662 secs]
2020-10-29T06:24:58.827-0800: 0.671: [GC concurrent-mark-start]
2020-10-29T06:24:58.828-0800: 0.672: [GC concurrent-mark-end, 0.0009073 secs]
2020-10-29T06:24:58.828-0800: 0.672: [GC remark, 0.0014218 secs]
2020-10-29T06:24:58.830-0800: 0.674: [GC cleanup 372M->372M(512M), 0.0007913 secs]
2020-10-29T06:24:58.834-0800: 0.679: [GC pause (G1 Evacuation Pause) (young) 402M->368M(512M), 0.0024817 secs]
2020-10-29T06:24:58.840-0800: 0.684: [GC pause (G1 Evacuation Pause) (mixed) 395M->362M(512M), 0.0041067 secs]
2020-10-29T06:24:58.845-0800: 0.690: [GC pause (G1 Humongous Allocation) (young) (initial-mark) 367M->362M(512M), 0.0017102 secs]
2020-10-29T06:24:58.847-0800: 0.691: [GC concurrent-root-region-scan-start]
2020-10-29T06:24:58.847-0800: 0.691: [GC concurrent-root-region-scan-end, 0.0000795 secs]
2020-10-29T06:24:58.847-0800: 0.691: [GC concurrent-mark-start]
2020-10-29T06:24:58.848-0800: 0.692: [GC concurrent-mark-end, 0.0009778 secs]
2020-10-29T06:24:58.848-0800: 0.693: [GC remark, 0.0014847 secs]
2020-10-29T06:24:58.850-0800: 0.694: [GC cleanup 372M->372M(512M), 0.0007951 secs]
2020-10-29T06:24:58.855-0800: 0.699: [GC pause (G1 Evacuation Pause) (young) 402M->375M(512M), 0.0024774 secs]
2020-10-29T06:24:58.861-0800: 0.705: [GC pause (G1 Evacuation Pause) (mixed) 405M->369M(512M), 0.0042807 secs]
2020-10-29T06:24:58.865-0800: 0.710: [GC pause (G1 Humongous Allocation) (young) (initial-mark) 369M->368M(512M), 0.0015188 secs]
2020-10-29T06:24:58.867-0800: 0.711: [GC concurrent-root-region-scan-start]
2020-10-29T06:24:58.867-0800: 0.711: [GC concurrent-root-region-scan-end, 0.0000090 secs]
2020-10-29T06:24:58.867-0800: 0.711: [GC concurrent-mark-start]
2020-10-29T06:24:58.868-0800: 0.712: [GC concurrent-mark-end, 0.0010710 secs]
2020-10-29T06:24:58.868-0800: 0.712: [GC remark, 0.0014094 secs]
2020-10-29T06:24:58.870-0800: 0.714: [GC cleanup 378M->378M(512M), 0.0008336 secs]
2020-10-29T06:24:58.873-0800: 0.717: [GC pause (G1 Evacuation Pause) (young) 395M->376M(512M), 0.0017156 secs]
2020-10-29T06:24:58.878-0800: 0.722: [GC pause (G1 Evacuation Pause) (mixed) 400M->368M(512M), 0.0043408 secs]
2020-10-29T06:24:58.883-0800: 0.727: [GC pause (G1 Humongous Allocation) (young) (initial-mark) 372M->369M(512M), 0.0014902 secs]
2020-10-29T06:24:58.885-0800: 0.729: [GC concurrent-root-region-scan-start]
2020-10-29T06:24:58.885-0800: 0.729: [GC concurrent-root-region-scan-end, 0.0000822 secs]
2020-10-29T06:24:58.885-0800: 0.729: [GC concurrent-mark-start]
2020-10-29T06:24:58.886-0800: 0.730: [GC concurrent-mark-end, 0.0010720 secs]
2020-10-29T06:24:58.886-0800: 0.730: [GC remark, 0.0014424 secs]
2020-10-29T06:24:58.887-0800: 0.732: [GC cleanup 380M->380M(512M), 0.0008543 secs]
2020-10-29T06:24:58.892-0800: 0.736: [GC pause (G1 Evacuation Pause) (young) 404M->382M(512M), 0.0023987 secs]
2020-10-29T06:24:58.897-0800: 0.741: [GC pause (G1 Evacuation Pause) (mixed) 411M->378M(512M), 0.0039726 secs]
2020-10-29T06:24:58.902-0800: 0.746: [GC pause (G1 Humongous Allocation) (young) (initial-mark) 380M->379M(512M), 0.0014437 secs]
2020-10-29T06:24:58.903-0800: 0.747: [GC concurrent-root-region-scan-start]
2020-10-29T06:24:58.903-0800: 0.747: [GC concurrent-root-region-scan-end, 0.0000465 secs]
2020-10-29T06:24:58.903-0800: 0.747: [GC concurrent-mark-start]
2020-10-29T06:24:58.904-0800: 0.748: [GC concurrent-mark-end, 0.0010579 secs]
2020-10-29T06:24:58.904-0800: 0.748: [GC remark, 0.0014260 secs]
2020-10-29T06:24:58.906-0800: 0.750: [GC cleanup 387M->387M(512M), 0.0009038 secs]
2020-10-29T06:24:58.910-0800: 0.754: [GC pause (G1 Evacuation Pause) (young) 410M->386M(512M), 0.0020863 secs]
2020-10-29T06:24:58.915-0800: 0.760: [GC pause (G1 Evacuation Pause) (mixed) 413M->381M(512M), 0.0041493 secs]
2020-10-29T06:24:58.920-0800: 0.764: [GC pause (G1 Humongous Allocation) (young) (initial-mark) 381M->380M(512M), 0.0018290 secs]
2020-10-29T06:24:58.922-0800: 0.766: [GC concurrent-root-region-scan-start]
2020-10-29T06:24:58.922-0800: 0.766: [GC concurrent-root-region-scan-end, 0.0000084 secs]
2020-10-29T06:24:58.922-0800: 0.766: [GC concurrent-mark-start]
2020-10-29T06:24:58.923-0800: 0.767: [GC concurrent-mark-end, 0.0010374 secs]
2020-10-29T06:24:58.923-0800: 0.767: [GC remark, 0.0012998 secs]
2020-10-29T06:24:58.924-0800: 0.768: [GC cleanup 387M->387M(512M), 0.0008318 secs]
2020-10-29T06:24:58.928-0800: 0.772: [GC pause (G1 Evacuation Pause) (young) 409M->388M(512M), 0.0015663 secs]
2020-10-29T06:24:58.933-0800: 0.777: [GC pause (G1 Evacuation Pause) (mixed) 413M->384M(512M), 0.0035706 secs]
2020-10-29T06:24:58.937-0800: 0.781: [GC pause (G1 Humongous Allocation) (young) (initial-mark) 385M->384M(512M), 0.0014475 secs]
2020-10-29T06:24:58.938-0800: 0.782: [GC concurrent-root-region-scan-start]
2020-10-29T06:24:58.938-0800: 0.782: [GC concurrent-root-region-scan-end, 0.0000438 secs]
2020-10-29T06:24:58.938-0800: 0.782: [GC concurrent-mark-start]
2020-10-29T06:24:58.939-0800: 0.783: [GC concurrent-mark-end, 0.0010185 secs]
2020-10-29T06:24:58.939-0800: 0.783: [GC remark, 0.0016237 secs]
2020-10-29T06:24:58.941-0800: 0.785: [GC cleanup 392M->392M(512M), 0.0007738 secs]
2020-10-29T06:24:58.945-0800: 0.789: [GC pause (G1 Evacuation Pause) (young) 415M->395M(512M), 0.0021609 secs]
2020-10-29T06:24:58.950-0800: 0.794: [GC pause (G1 Evacuation Pause) (mixed)-- 421M->415M(512M), 0.0034430 secs]
2020-10-29T06:24:58.954-0800: 0.798: [GC pause (G1 Humongous Allocation) (young) (initial-mark) 416M->415M(512M), 0.0014964 secs]
2020-10-29T06:24:58.955-0800: 0.800: [GC concurrent-root-region-scan-start]
2020-10-29T06:24:58.955-0800: 0.800: [GC concurrent-root-region-scan-end, 0.0000067 secs]
2020-10-29T06:24:58.955-0800: 0.800: [GC concurrent-mark-start]
2020-10-29T06:24:58.956-0800: 0.801: [GC concurrent-mark-end, 0.0009981 secs]
2020-10-29T06:24:58.956-0800: 0.801: [GC remark, 0.0013080 secs]
2020-10-29T06:24:58.958-0800: 0.802: [GC cleanup 422M->422M(512M), 0.0007969 secs]
2020-10-29T06:24:58.962-0800: 0.806: [GC pause (G1 Evacuation Pause) (young)-- 445M->439M(512M), 0.0016360 secs]
2020-10-29T06:24:58.965-0800: 0.809: [GC pause (G1 Humongous Allocation) (mixed)-- 449M->443M(512M), 0.0013287 secs]
2020-10-29T06:24:58.967-0800: 0.812: [GC pause (G1 Evacuation Pause) (mixed)-- 449M->448M(512M), 0.0015122 secs]
2020-10-29T06:24:58.969-0800: 0.814: [GC pause (G1 Evacuation Pause) (young)-- 450M->450M(512M), 0.0009952 secs]
2020-10-29T06:24:58.970-0800: 0.815: [Full GC (Allocation Failure)  450M->343M(512M), 0.0323766 secs]
2020-10-29T06:24:59.004-0800: 0.849: [GC pause (G1 Humongous Allocation) (young) (initial-mark) 350M->344M(512M), 0.0014999 secs]
2020-10-29T06:24:59.006-0800: 0.850: [GC concurrent-root-region-scan-start]
2020-10-29T06:24:59.006-0800: 0.850: [GC concurrent-root-region-scan-end, 0.0000581 secs]
2020-10-29T06:24:59.006-0800: 0.850: [GC concurrent-mark-start]
2020-10-29T06:24:59.007-0800: 0.851: [GC concurrent-mark-end, 0.0010332 secs]
2020-10-29T06:24:59.007-0800: 0.851: [GC remark, 0.0018575 secs]
2020-10-29T06:24:59.009-0800: 0.853: [GC cleanup 352M->352M(512M), 0.0008702 secs]
2020-10-29T06:24:59.012-0800: 0.857: [GC pause (G1 Evacuation Pause) (young) 374M->353M(512M), 0.0023080 secs]
2020-10-29T06:24:59.016-0800: 0.860: [GC pause (G1 Humongous Allocation) (young) (initial-mark) 363M->356M(512M), 0.0013219 secs]
2020-10-29T06:24:59.018-0800: 0.862: [GC concurrent-root-region-scan-start]
2020-10-29T06:24:59.018-0800: 0.862: [GC concurrent-root-region-scan-end, 0.0000707 secs]
2020-10-29T06:24:59.018-0800: 0.862: [GC concurrent-mark-start]
2020-10-29T06:24:59.019-0800: 0.863: [GC concurrent-mark-end, 0.0009834 secs]
2020-10-29T06:24:59.019-0800: 0.863: [GC remark, 0.0013122 secs]
2020-10-29T06:24:59.020-0800: 0.864: [GC cleanup 365M->365M(512M), 0.0007960 secs]
2020-10-29T06:24:59.023-0800: 0.868: [GC pause (G1 Evacuation Pause) (young) 389M->366M(512M), 0.0028421 secs]
2020-10-29T06:24:59.029-0800: 0.873: [GC pause (G1 Evacuation Pause) (mixed) 390M->368M(512M), 0.0022804 secs]
2020-10-29T06:24:59.031-0800: 0.876: [GC pause (G1 Humongous Allocation) (young) (initial-mark) 369M->368M(512M), 0.0016412 secs]
2020-10-29T06:24:59.033-0800: 0.877: [GC concurrent-root-region-scan-start]
2020-10-29T06:24:59.033-0800: 0.877: [GC concurrent-root-region-scan-end, 0.0000712 secs]
2020-10-29T06:24:59.033-0800: 0.877: [GC concurrent-mark-start]
2020-10-29T06:24:59.034-0800: 0.878: [GC concurrent-mark-end, 0.0010532 secs]
2020-10-29T06:24:59.034-0800: 0.879: [GC remark, 0.0013606 secs]
2020-10-29T06:24:59.036-0800: 0.880: [GC cleanup 379M->379M(512M), 0.0007809 secs]
2020-10-29T06:24:59.040-0800: 0.884: [GC pause (G1 Evacuation Pause) (young) 400M->377M(512M), 0.0020694 secs]
2020-10-29T06:24:59.045-0800: 0.889: [GC pause (G1 Evacuation Pause) (mixed)-- 404M->401M(512M), 0.0025240 secs]
2020-10-29T06:24:59.048-0800: 0.892: [GC pause (G1 Humongous Allocation) (young) (initial-mark) 402M->401M(512M), 0.0012470 secs]
2020-10-29T06:24:59.049-0800: 0.893: [GC concurrent-root-region-scan-start]
2020-10-29T06:24:59.049-0800: 0.893: [GC concurrent-root-region-scan-end, 0.0000415 secs]
2020-10-29T06:24:59.049-0800: 0.893: [GC concurrent-mark-start]
2020-10-29T06:24:59.050-0800: 0.894: [GC concurrent-mark-end, 0.0010068 secs]
2020-10-29T06:24:59.050-0800: 0.894: [GC remark, 0.0013464 secs]
2020-10-29T06:24:59.051-0800: 0.896: [GC cleanup 411M->411M(512M), 0.0007845 secs]
2020-10-29T06:24:59.053-0800: 0.897: [GC pause (G1 Evacuation Pause) (young)-- 416M->412M(512M), 0.0012294 secs]
2020-10-29T06:24:59.055-0800: 0.899: [GC pause (G1 Evacuation Pause) (mixed)-- 418M->417M(512M), 0.0011225 secs]
2020-10-29T06:24:59.056-0800: 0.901: [GC pause (G1 Evacuation Pause) (mixed)-- 418M->418M(512M), 0.0009175 secs]
2020-10-29T06:24:59.057-0800: 0.902: [Full GC (Allocation Failure)  418M->350M(512M), 0.0308227 secs]
2020-10-29T06:24:59.089-0800: 0.933: [GC pause (G1 Humongous Allocation) (young) (initial-mark) 353M->352M(512M), 0.0018289 secs]
2020-10-29T06:24:59.091-0800: 0.935: [GC concurrent-root-region-scan-start]
2020-10-29T06:24:59.091-0800: 0.935: [GC concurrent-root-region-scan-end, 0.0000574 secs]
2020-10-29T06:24:59.091-0800: 0.935: [GC concurrent-mark-start]
2020-10-29T06:24:59.092-0800: 0.936: [GC concurrent-mark-end, 0.0010237 secs]
2020-10-29T06:24:59.092-0800: 0.936: [GC remark, 0.0014638 secs]
2020-10-29T06:24:59.093-0800: 0.938: [GC cleanup 359M->359M(512M), 0.0008439 secs]
2020-10-29T06:24:59.098-0800: 0.942: [GC pause (G1 Evacuation Pause) (young) 380M->355M(512M), 0.0017415 secs]
2020-10-29T06:24:59.100-0800: 0.944: [GC pause (G1 Humongous Allocation) (young) (initial-mark) 355M->354M(512M), 0.0011719 secs]
2020-10-29T06:24:59.101-0800: 0.945: [GC concurrent-root-region-scan-start]
2020-10-29T06:24:59.101-0800: 0.945: [GC concurrent-root-region-scan-end, 0.0000063 secs]
2020-10-29T06:24:59.101-0800: 0.945: [GC concurrent-mark-start]
2020-10-29T06:24:59.102-0800: 0.946: [GC concurrent-mark-end, 0.0010445 secs]
2020-10-29T06:24:59.102-0800: 0.946: [GC remark, 0.0011857 secs]
2020-10-29T06:24:59.103-0800: 0.947: [GC cleanup 365M->365M(512M), 0.0007507 secs]
2020-10-29T06:24:59.107-0800: 0.951: [GC pause (G1 Evacuation Pause) (young) 385M->365M(512M), 0.0020142 secs]
2020-10-29T06:24:59.112-0800: 0.957: [GC pause (G1 Evacuation Pause) (mixed) 390M->370M(512M), 0.0019044 secs]
2020-10-29T06:24:59.115-0800: 0.959: [GC pause (G1 Humongous Allocation) (young) (initial-mark) 372M->371M(512M), 0.0011628 secs]
2020-10-29T06:24:59.116-0800: 0.960: [GC concurrent-root-region-scan-start]
2020-10-29T06:24:59.116-0800: 0.960: [GC concurrent-root-region-scan-end, 0.0000708 secs]
2020-10-29T06:24:59.116-0800: 0.960: [GC concurrent-mark-start]
2020-10-29T06:24:59.117-0800: 0.961: [GC concurrent-mark-end, 0.0009810 secs]
2020-10-29T06:24:59.117-0800: 0.961: [GC remark, 0.0011844 secs]
2020-10-29T06:24:59.119-0800: 0.963: [GC cleanup 380M->380M(512M), 0.0007660 secs]
2020-10-29T06:24:59.122-0800: 0.966: [GC pause (G1 Evacuation Pause) (young) 402M->380M(512M), 0.0018304 secs]
2020-10-29T06:24:59.127-0800: 0.971: [GC pause (G1 Evacuation Pause) (mixed)-- 407M->401M(512M), 0.0021366 secs]
2020-10-29T06:24:59.129-0800: 0.974: [GC pause (G1 Humongous Allocation) (young) (initial-mark) 403M->401M(512M), 0.0008883 secs]
2020-10-29T06:24:59.130-0800: 0.975: [GC concurrent-root-region-scan-start]
2020-10-29T06:24:59.130-0800: 0.975: [GC concurrent-root-region-scan-end, 0.0000503 secs]
2020-10-29T06:24:59.130-0800: 0.975: [GC concurrent-mark-start]
2020-10-29T06:24:59.131-0800: 0.976: [GC concurrent-mark-end, 0.0009148 secs]
2020-10-29T06:24:59.131-0800: 0.976: [GC remark, 0.0011635 secs]
2020-10-29T06:24:59.133-0800: 0.977: [GC cleanup 410M->410M(512M), 0.0006548 secs]
2020-10-29T06:24:59.134-0800: 0.978: [GC pause (G1 Evacuation Pause) (young)-- 411M->409M(512M), 0.0009072 secs]
2020-10-29T06:24:59.135-0800: 0.979: [GC pause (G1 Evacuation Pause) (mixed)-- 411M->410M(512M), 0.0009233 secs]
2020-10-29T06:24:59.136-0800: 0.980: [GC pause (G1 Evacuation Pause) (mixed)-- 411M->410M(512M), 0.0008864 secs]
2020-10-29T06:24:59.137-0800: 0.981: [GC pause (G1 Evacuation Pause) (young)-- 411M->411M(512M), 0.0007814 secs]
2020-10-29T06:24:59.138-0800: 0.982: [Full GC (Allocation Failure)  411M->356M(512M), 0.0312859 secs]
2020-10-29T06:24:59.170-0800: 1.014: [GC pause (G1 Humongous Allocation) (young) (initial-mark) 358M->356M(512M), 0.0014386 secs]
2020-10-29T06:24:59.171-0800: 1.015: [GC concurrent-root-region-scan-start]
2020-10-29T06:24:59.171-0800: 1.015: [GC concurrent-root-region-scan-end, 0.0000632 secs]
2020-10-29T06:24:59.171-0800: 1.015: [GC concurrent-mark-start]
2020-10-29T06:24:59.172-0800: 1.016: [GC concurrent-mark-end, 0.0010780 secs]
2020-10-29T06:24:59.172-0800: 1.016: [GC remark, 0.0014925 secs]
2020-10-29T06:24:59.174-0800: 1.018: [GC cleanup 365M->365M(512M), 0.0008709 secs]
2020-10-29T06:24:59.177-0800: 1.021: [GC pause (G1 Evacuation Pause) (young) 384M->365M(512M), 0.0018987 secs]
2020-10-29T06:24:59.179-0800: 1.023: [GC pause (G1 Humongous Allocation) (young) (initial-mark) 366M->365M(512M), 0.0013609 secs]
2020-10-29T06:24:59.181-0800: 1.025: [GC concurrent-root-region-scan-start]
2020-10-29T06:24:59.181-0800: 1.025: [GC concurrent-root-region-scan-end, 0.0000700 secs]
2020-10-29T06:24:59.181-0800: 1.025: [GC concurrent-mark-start]
2020-10-29T06:24:59.182-0800: 1.026: [GC concurrent-mark-end, 0.0010488 secs]
2020-10-29T06:24:59.182-0800: 1.026: [GC remark, 0.0015576 secs]
2020-10-29T06:24:59.183-0800: 1.028: [GC cleanup 375M->375M(512M), 0.0007044 secs]
2020-10-29T06:24:59.188-0800: 1.032: [GC pause (G1 Evacuation Pause) (young)-- 401M->385M(512M), 0.0021394 secs]
2020-10-29T06:24:59.192-0800: 1.036: [GC pause (G1 Evacuation Pause) (mixed)-- 406M->401M(512M), 0.0016183 secs]
2020-10-29T06:24:59.194-0800: 1.039: [GC pause (G1 Humongous Allocation) (young) (initial-mark) 404M->401M(512M), 0.0009930 secs]
2020-10-29T06:24:59.195-0800: 1.040: [GC concurrent-root-region-scan-start]
2020-10-29T06:24:59.195-0800: 1.040: [GC concurrent-root-region-scan-end, 0.0000620 secs]
2020-10-29T06:24:59.195-0800: 1.040: [GC concurrent-mark-start]
2020-10-29T06:24:59.196-0800: 1.040: [GC pause (G1 Evacuation Pause) (young)-- 407M->405M(512M), 0.0011242 secs]
2020-10-29T06:24:59.198-0800: 1.042: [GC concurrent-mark-end, 0.0021132 secs]
2020-10-29T06:24:59.198-0800: 1.042: [GC remark, 0.0011562 secs]
2020-10-29T06:24:59.199-0800: 1.043: [GC cleanup 406M->406M(512M), 0.0007576 secs]
2020-10-29T06:24:59.200-0800: 1.044: [GC pause (G1 Evacuation Pause) (young)-- 408M->406M(512M), 0.0009843 secs]
2020-10-29T06:24:59.201-0800: 1.046: [GC pause (G1 Evacuation Pause) (mixed)-- 408M->408M(512M), 0.0010203 secs]
2020-10-29T06:24:59.203-0800: 1.047: [GC pause (G1 Humongous Allocation) (mixed)-- 409M->408M(512M), 0.0009487 secs]
2020-10-29T06:24:59.204-0800: 1.048: [GC pause (G1 Evacuation Pause) (young) (initial-mark) 409M->408M(512M), 0.0007681 secs]
2020-10-29T06:24:59.204-0800: 1.049: [GC concurrent-root-region-scan-start]
2020-10-29T06:24:59.204-0800: 1.049: [GC concurrent-root-region-scan-end, 0.0000066 secs]
2020-10-29T06:24:59.204-0800: 1.049: [GC concurrent-mark-start]
2020-10-29T06:24:59.205-0800: 1.049: [GC pause (G1 Evacuation Pause) (young)-- 409M->408M(512M), 0.0009371 secs]
2020-10-29T06:24:59.206-0800: 1.050: [GC pause (G1 Evacuation Pause) (young)-- 409M->409M(512M), 0.0008453 secs]
2020-10-29T06:24:59.207-0800: 1.051: [Full GC (Allocation Failure)  409M->355M(512M), 0.0305323 secs]
2020-10-29T06:24:59.237-0800: 1.081: [GC concurrent-mark-abort]
