Java HotSpot(TM) 64-Bit Server VM (25.271-b09) for bsd-amd64 JRE (1.8.0_271-b09), built on Sep 16 2020 16:54:38 by "java_re" with gcc 4.2.1 Compatible Apple LLVM 10.0.0 (clang-1000.11.45.5)
Memory: 4k page, physical 67108864k(1204472k free)

/proc/meminfo:

CommandLine flags: -XX:InitialHeapSize=1073741824 -XX:MaxHeapSize=1073741824 -XX:+PrintGC -XX:+PrintGCDateStamps -XX:+PrintGCTimeStamps -XX:+UseCompressedClassPointers -XX:+UseCompressedOops -XX:+UseG1GC 
2020-10-29T06:25:56.173-0800: 0.100: [GC pause (G1 Evacuation Pause) (young) 63M->24M(1024M), 0.0074535 secs]
2020-10-29T06:25:56.193-0800: 0.119: [GC pause (G1 Evacuation Pause) (young) 83M->44M(1024M), 0.0078567 secs]
2020-10-29T06:25:56.210-0800: 0.136: [GC pause (G1 Evacuation Pause) (young) 102M->60M(1024M), 0.0063141 secs]
2020-10-29T06:25:56.227-0800: 0.153: [GC pause (G1 Evacuation Pause) (young) 130M->83M(1024M), 0.0090205 secs]
2020-10-29T06:25:56.283-0800: 0.210: [GC pause (G1 Evacuation Pause) (young) 252M->134M(1024M), 0.0182149 secs]
2020-10-29T06:25:56.312-0800: 0.239: [GC pause (G1 Evacuation Pause) (young) 238M->164M(1024M), 0.0130850 secs]
2020-10-29T06:25:56.347-0800: 0.273: [GC pause (G1 Evacuation Pause) (young) 332M->217M(1024M), 0.0140418 secs]
2020-10-29T06:25:56.394-0800: 0.320: [GC pause (G1 Evacuation Pause) (young) 430M->279M(1024M), 0.0235009 secs]
2020-10-29T06:25:56.455-0800: 0.382: [GC pause (G1 Evacuation Pause) (young) 540M->336M(1024M), 0.0221684 secs]
2020-10-29T06:25:56.518-0800: 0.444: [GC pause (G1 Evacuation Pause) (young) 648M->425M(1024M), 0.0307078 secs]
2020-10-29T06:25:56.556-0800: 0.482: [GC pause (G1 Humongous Allocation) (young) (initial-mark) 514M->447M(1024M), 0.0061821 secs]
2020-10-29T06:25:56.562-0800: 0.489: [GC concurrent-root-region-scan-start]
2020-10-29T06:25:56.563-0800: 0.489: [GC concurrent-root-region-scan-end, 0.0001657 secs]
2020-10-29T06:25:56.563-0800: 0.489: [GC concurrent-mark-start]
2020-10-29T06:25:56.565-0800: 0.491: [GC concurrent-mark-end, 0.0020616 secs]
2020-10-29T06:25:56.565-0800: 0.491: [GC remark, 0.0012371 secs]
2020-10-29T06:25:56.566-0800: 0.492: [GC cleanup 468M->457M(1024M), 0.0007135 secs]
2020-10-29T06:25:56.567-0800: 0.493: [GC concurrent-cleanup-start]
2020-10-29T06:25:56.567-0800: 0.493: [GC concurrent-cleanup-end, 0.0000123 secs]
2020-10-29T06:25:56.633-0800: 0.559: [GC pause (G1 Evacuation Pause) (young)-- 830M->562M(1024M), 0.0320802 secs]
2020-10-29T06:25:56.666-0800: 0.592: [GC pause (G1 Evacuation Pause) (mixed) 574M->481M(1024M), 0.0071850 secs]
2020-10-29T06:25:56.679-0800: 0.606: [GC pause (G1 Evacuation Pause) (mixed) 545M->482M(1024M), 0.0031910 secs]
2020-10-29T06:25:56.683-0800: 0.609: [GC pause (G1 Humongous Allocation) (young) (initial-mark) 488M->483M(1024M), 0.0014896 secs]
2020-10-29T06:25:56.685-0800: 0.611: [GC concurrent-root-region-scan-start]
2020-10-29T06:25:56.685-0800: 0.611: [GC concurrent-root-region-scan-end, 0.0000698 secs]
2020-10-29T06:25:56.685-0800: 0.611: [GC concurrent-mark-start]
2020-10-29T06:25:56.686-0800: 0.612: [GC concurrent-mark-end, 0.0009077 secs]
2020-10-29T06:25:56.686-0800: 0.612: [GC remark, 0.0010955 secs]
2020-10-29T06:25:56.687-0800: 0.613: [GC cleanup 495M->486M(1024M), 0.0006271 secs]
2020-10-29T06:25:56.687-0800: 0.614: [GC concurrent-cleanup-start]
2020-10-29T06:25:56.687-0800: 0.614: [GC concurrent-cleanup-end, 0.0000132 secs]
2020-10-29T06:25:56.730-0800: 0.656: [GC pause (G1 Evacuation Pause) (young)-- 867M->708M(1024M), 0.0053129 secs]
2020-10-29T06:25:56.737-0800: 0.663: [GC pause (G1 Evacuation Pause) (mixed) 723M->626M(1024M), 0.0059278 secs]
2020-10-29T06:25:56.750-0800: 0.676: [GC pause (G1 Evacuation Pause) (mixed) 684M->621M(1024M), 0.0042005 secs]
2020-10-29T06:25:56.754-0800: 0.680: [GC pause (G1 Humongous Allocation) (young) (initial-mark) 621M->621M(1024M), 0.0017948 secs]
2020-10-29T06:25:56.756-0800: 0.682: [GC concurrent-root-region-scan-start]
2020-10-29T06:25:56.756-0800: 0.682: [GC concurrent-root-region-scan-end, 0.0000754 secs]
2020-10-29T06:25:56.756-0800: 0.682: [GC concurrent-mark-start]
2020-10-29T06:25:56.757-0800: 0.683: [GC concurrent-mark-end, 0.0010404 secs]
2020-10-29T06:25:56.757-0800: 0.683: [GC remark, 0.0013705 secs]
2020-10-29T06:25:56.758-0800: 0.685: [GC cleanup 628M->612M(1024M), 0.0008044 secs]
2020-10-29T06:25:56.759-0800: 0.686: [GC concurrent-cleanup-start]
2020-10-29T06:25:56.759-0800: 0.686: [GC concurrent-cleanup-end, 0.0000196 secs]
2020-10-29T06:25:56.786-0800: 0.713: [GC pause (G1 Evacuation Pause) (young) 834M->655M(1024M), 0.0061557 secs]
2020-10-29T06:25:56.797-0800: 0.723: [GC pause (G1 Evacuation Pause) (mixed) 689M->569M(1024M), 0.0048343 secs]
2020-10-29T06:25:56.808-0800: 0.735: [GC pause (G1 Evacuation Pause) (mixed) 627M->506M(1024M), 0.0058636 secs]
2020-10-29T06:25:56.821-0800: 0.747: [GC pause (G1 Evacuation Pause) (mixed) 561M->477M(1024M), 0.0052922 secs]
2020-10-29T06:25:56.827-0800: 0.753: [GC pause (G1 Humongous Allocation) (young) (initial-mark) 481M->478M(1024M), 0.0018380 secs]
2020-10-29T06:25:56.829-0800: 0.755: [GC concurrent-root-region-scan-start]
2020-10-29T06:25:56.829-0800: 0.755: [GC concurrent-root-region-scan-end, 0.0000716 secs]
2020-10-29T06:25:56.829-0800: 0.755: [GC concurrent-mark-start]
2020-10-29T06:25:56.830-0800: 0.756: [GC concurrent-mark-end, 0.0010466 secs]
2020-10-29T06:25:56.830-0800: 0.756: [GC remark, 0.0016407 secs]
2020-10-29T06:25:56.832-0800: 0.758: [GC cleanup 487M->485M(1024M), 0.0009252 secs]
2020-10-29T06:25:56.833-0800: 0.759: [GC concurrent-cleanup-start]
2020-10-29T06:25:56.833-0800: 0.759: [GC concurrent-cleanup-end, 0.0000105 secs]
2020-10-29T06:25:56.874-0800: 0.800: [GC pause (G1 Evacuation Pause) (young)-- 840M->623M(1024M), 0.0076359 secs]
2020-10-29T06:25:56.884-0800: 0.810: [GC pause (G1 Evacuation Pause) (mixed) 640M->552M(1024M), 0.0078576 secs]
2020-10-29T06:25:56.899-0800: 0.826: [GC pause (G1 Evacuation Pause) (mixed) 613M->564M(1024M), 0.0034261 secs]
2020-10-29T06:25:56.903-0800: 0.829: [GC pause (G1 Humongous Allocation) (young) (initial-mark) 565M->564M(1024M), 0.0017586 secs]
2020-10-29T06:25:56.905-0800: 0.831: [GC concurrent-root-region-scan-start]
2020-10-29T06:25:56.905-0800: 0.831: [GC concurrent-root-region-scan-end, 0.0000917 secs]
2020-10-29T06:25:56.905-0800: 0.831: [GC concurrent-mark-start]
2020-10-29T06:25:56.906-0800: 0.833: [GC concurrent-mark-end, 0.0011253 secs]
2020-10-29T06:25:56.906-0800: 0.833: [GC remark, 0.0014763 secs]
2020-10-29T06:25:56.908-0800: 0.834: [GC cleanup 574M->560M(1024M), 0.0009505 secs]
2020-10-29T06:25:56.909-0800: 0.835: [GC concurrent-cleanup-start]
2020-10-29T06:25:56.909-0800: 0.835: [GC concurrent-cleanup-end, 0.0000206 secs]
2020-10-29T06:25:56.943-0800: 0.870: [GC pause (G1 Evacuation Pause) (young)-- 846M->628M(1024M), 0.0072483 secs]
2020-10-29T06:25:56.954-0800: 0.881: [GC pause (G1 Evacuation Pause) (mixed) 656M->546M(1024M), 0.0054808 secs]
2020-10-29T06:25:56.967-0800: 0.893: [GC pause (G1 Evacuation Pause) (mixed) 598M->515M(1024M), 0.0057776 secs]
2020-10-29T06:25:56.973-0800: 0.899: [GC pause (G1 Humongous Allocation) (young) (initial-mark) 518M->516M(1024M), 0.0018492 secs]
2020-10-29T06:25:56.975-0800: 0.901: [GC concurrent-root-region-scan-start]
2020-10-29T06:25:56.975-0800: 0.901: [GC concurrent-root-region-scan-end, 0.0000851 secs]
2020-10-29T06:25:56.975-0800: 0.901: [GC concurrent-mark-start]
2020-10-29T06:25:56.976-0800: 0.903: [GC concurrent-mark-end, 0.0011184 secs]
2020-10-29T06:25:56.976-0800: 0.903: [GC remark, 0.0014953 secs]
2020-10-29T06:25:56.978-0800: 0.904: [GC cleanup 528M->523M(1024M), 0.0008879 secs]
2020-10-29T06:25:56.979-0800: 0.905: [GC concurrent-cleanup-start]
2020-10-29T06:25:56.979-0800: 0.905: [GC concurrent-cleanup-end, 0.0000132 secs]
2020-10-29T06:25:57.015-0800: 0.941: [GC pause (G1 Evacuation Pause) (young) 831M->590M(1024M), 0.0084350 secs]
2020-10-29T06:25:57.026-0800: 0.952: [GC pause (G1 Evacuation Pause) (mixed) 609M->513M(1024M), 0.0060660 secs]
2020-10-29T06:25:57.040-0800: 0.966: [GC pause (G1 Evacuation Pause) (mixed) 570M->503M(1024M), 0.0048517 secs]
2020-10-29T06:25:57.045-0800: 0.971: [GC pause (G1 Humongous Allocation) (young) (initial-mark) 504M->503M(1024M), 0.0018712 secs]
2020-10-29T06:25:57.047-0800: 0.973: [GC concurrent-root-region-scan-start]
2020-10-29T06:25:57.047-0800: 0.973: [GC concurrent-root-region-scan-end, 0.0000929 secs]
2020-10-29T06:25:57.047-0800: 0.973: [GC concurrent-mark-start]
2020-10-29T06:25:57.048-0800: 0.975: [GC concurrent-mark-end, 0.0012203 secs]
2020-10-29T06:25:57.048-0800: 0.975: [GC remark, 0.0017606 secs]
2020-10-29T06:25:57.050-0800: 0.976: [GC cleanup 515M->515M(1024M), 0.0011064 secs]
2020-10-29T06:25:57.091-0800: 1.018: [GC pause (G1 Evacuation Pause) (young)-- 868M->716M(1024M), 0.0061316 secs]
2020-10-29T06:25:57.099-0800: 1.026: [GC pause (G1 Evacuation Pause) (mixed) 732M->649M(1024M), 0.0070008 secs]
2020-10-29T06:25:57.115-0800: 1.042: [GC pause (G1 Evacuation Pause) (mixed) 708M->650M(1024M), 0.0045157 secs]
2020-10-29T06:25:57.120-0800: 1.047: [GC pause (G1 Humongous Allocation) (young) (initial-mark) 653M->652M(1024M), 0.0019630 secs]
2020-10-29T06:25:57.122-0800: 1.049: [GC concurrent-root-region-scan-start]
2020-10-29T06:25:57.122-0800: 1.049: [GC concurrent-root-region-scan-end, 0.0001107 secs]
2020-10-29T06:25:57.122-0800: 1.049: [GC concurrent-mark-start]
2020-10-29T06:25:57.123-0800: 1.050: [GC concurrent-mark-end, 0.0010807 secs]
2020-10-29T06:25:57.123-0800: 1.050: [GC remark, 0.0015664 secs]
2020-10-29T06:25:57.125-0800: 1.052: [GC cleanup 663M->655M(1024M), 0.0010768 secs]
2020-10-29T06:25:57.126-0800: 1.053: [GC concurrent-cleanup-start]
2020-10-29T06:25:57.126-0800: 1.053: [GC concurrent-cleanup-end, 0.0000142 secs]
