Java HotSpot(TM) 64-Bit Server VM (25.271-b09) for bsd-amd64 JRE (1.8.0_271-b09), built on Sep 16 2020 16:54:38 by "java_re" with gcc 4.2.1 Compatible Apple LLVM 10.0.0 (clang-1000.11.45.5)
Memory: 4k page, physical 67108864k(1358168k free)

/proc/meminfo:

CommandLine flags: -XX:InitialHeapSize=4294967296 -XX:MaxHeapSize=4294967296 -XX:+PrintGC -XX:+PrintGCDateStamps -XX:+PrintGCDetails -XX:+PrintGCTimeStamps -XX:+UseCompressedClassPointers -XX:+UseCompressedOops -XX:+UseSerialGC 
2020-10-29T06:08:55.169-0800: 0.488: [GC (Allocation Failure) 2020-10-29T06:08:55.169-0800: 0.488: [DefNew: 1118528K->139775K(1258304K), 0.1036234 secs] 1118528K->233822K(4054528K), 0.1037996 secs] [Times: user=0.06 sys=0.04, real=0.11 secs] 
2020-10-29T06:08:55.402-0800: 0.720: [GC (Allocation Failure) 2020-10-29T06:08:55.402-0800: 0.721: [DefNew: 1258303K->139775K(1258304K), 0.1258626 secs] 1352350K->382716K(4054528K), 0.1259384 secs] [Times: user=0.08 sys=0.04, real=0.12 secs] 
2020-10-29T06:08:55.639-0800: 0.957: [GC (Allocation Failure) 2020-10-29T06:08:55.639-0800: 0.957: [DefNew: 1258303K->139775K(1258304K), 0.0866506 secs] 1501244K->540588K(4054528K), 0.0867283 secs] [Times: user=0.06 sys=0.03, real=0.09 secs] 
Heap
 def new generation   total 1258304K, used 341987K [0x00000006c0000000, 0x0000000715550000, 0x0000000715550000)
  eden space 1118528K,  18% used [0x00000006c0000000, 0x00000006cc578e48, 0x0000000704450000)
  from space 139776K,  99% used [0x000000070ccd0000, 0x000000071554fff0, 0x0000000715550000)
  to   space 139776K,   0% used [0x0000000704450000, 0x0000000704450000, 0x000000070ccd0000)
 tenured generation   total 2796224K, used 400812K [0x0000000715550000, 0x00000007c0000000, 0x00000007c0000000)
   the space 2796224K,  14% used [0x0000000715550000, 0x000000072dcbb1e8, 0x000000072dcbb200, 0x00000007c0000000)
 Metaspace       used 2732K, capacity 4486K, committed 4864K, reserved 1056768K
  class space    used 296K, capacity 386K, committed 512K, reserved 1048576K
