Java HotSpot(TM) 64-Bit Server VM (25.271-b09) for bsd-amd64 JRE (1.8.0_271-b09), built on Sep 16 2020 16:54:38 by "java_re" with gcc 4.2.1 Compatible Apple LLVM 10.0.0 (clang-1000.11.45.5)
Memory: 4k page, physical 67108864k(1442748k free)

/proc/meminfo:

CommandLine flags: -XX:InitialHeapSize=1073741824 -XX:MaxHeapSize=1073741824 -XX:+PrintGC -XX:+PrintGCDateStamps -XX:+PrintGCDetails -XX:+PrintGCTimeStamps -XX:+UseCompressedClassPointers -XX:+UseCompressedOops -XX:+UseSerialGC 
2020-10-29T06:07:00.584-0800: 0.177: [GC (Allocation Failure) 2020-10-29T06:07:00.584-0800: 0.177: [DefNew: 279455K->34944K(314560K), 0.0382070 secs] 279455K->90233K(1013632K), 0.0382949 secs] [Times: user=0.02 sys=0.01, real=0.04 secs] 
2020-10-29T06:07:00.658-0800: 0.251: [GC (Allocation Failure) 2020-10-29T06:07:00.658-0800: 0.251: [DefNew: 314557K->34944K(314560K), 0.0528030 secs] 369846K->176826K(1013632K), 0.0528791 secs] [Times: user=0.03 sys=0.02, real=0.06 secs] 
2020-10-29T06:07:00.742-0800: 0.335: [GC (Allocation Failure) 2020-10-29T06:07:00.742-0800: 0.335: [DefNew: 314560K->34942K(314560K), 0.0363815 secs] 456442K->249491K(1013632K), 0.0364572 secs] [Times: user=0.02 sys=0.01, real=0.03 secs] 
2020-10-29T06:07:00.809-0800: 0.402: [GC (Allocation Failure) 2020-10-29T06:07:00.809-0800: 0.402: [DefNew: 314558K->34943K(314560K), 0.0391872 secs] 529107K->329318K(1013632K), 0.0392639 secs] [Times: user=0.03 sys=0.02, real=0.04 secs] 
2020-10-29T06:07:00.878-0800: 0.471: [GC (Allocation Failure) 2020-10-29T06:07:00.878-0800: 0.471: [DefNew: 314414K->34941K(314560K), 0.0401584 secs] 608789K->412574K(1013632K), 0.0402349 secs] [Times: user=0.02 sys=0.01, real=0.04 secs] 
2020-10-29T06:07:00.949-0800: 0.542: [GC (Allocation Failure) 2020-10-29T06:07:00.949-0800: 0.542: [DefNew: 314557K->34943K(314560K), 0.0389614 secs] 692190K->491832K(1013632K), 0.0390357 secs] [Times: user=0.03 sys=0.02, real=0.04 secs] 
2020-10-29T06:07:01.017-0800: 0.610: [GC (Allocation Failure) 2020-10-29T06:07:01.017-0800: 0.610: [DefNew: 314559K->34943K(314560K), 0.0380621 secs] 771448K->569499K(1013632K), 0.0381380 secs] [Times: user=0.02 sys=0.01, real=0.04 secs] 
2020-10-29T06:07:01.085-0800: 0.678: [GC (Allocation Failure) 2020-10-29T06:07:01.086-0800: 0.678: [DefNew: 314559K->34944K(314560K), 0.0368178 secs] 849115K->642296K(1013632K), 0.0368926 secs] [Times: user=0.03 sys=0.01, real=0.04 secs] 
2020-10-29T06:07:01.153-0800: 0.745: [GC (Allocation Failure) 2020-10-29T06:07:01.153-0800: 0.746: [DefNew: 314560K->34943K(314560K), 0.0417115 secs] 921912K->726837K(1013632K), 0.0417876 secs] [Times: user=0.02 sys=0.02, real=0.04 secs] 
2020-10-29T06:07:01.224-0800: 0.816: [GC (Allocation Failure) 2020-10-29T06:07:01.224-0800: 0.816: [DefNew: 314559K->314559K(314560K), 0.0000170 secs]2020-10-29T06:07:01.224-0800: 0.817: [Tenured: 691894K->382051K(699072K), 0.0509489 secs] 1006453K->382051K(1013632K), [Metaspace: 2725K->2725K(1056768K)], 0.0510661 secs] [Times: user=0.05 sys=0.00, real=0.05 secs] 
2020-10-29T06:07:01.309-0800: 0.902: [GC (Allocation Failure) 2020-10-29T06:07:01.309-0800: 0.902: [DefNew: 279616K->34943K(314560K), 0.0126517 secs] 661667K->478682K(1013632K), 0.0127268 secs] [Times: user=0.01 sys=0.00, real=0.02 secs] 
2020-10-29T06:07:01.357-0800: 0.950: [GC (Allocation Failure) 2020-10-29T06:07:01.357-0800: 0.950: [DefNew: 314559K->34943K(314560K), 0.0130144 secs] 758298K->553372K(1013632K), 0.0130955 secs] [Times: user=0.01 sys=0.00, real=0.02 secs] 
2020-10-29T06:07:01.405-0800: 0.998: [GC (Allocation Failure) 2020-10-29T06:07:01.405-0800: 0.998: [DefNew: 313876K->34943K(314560K), 0.0132342 secs] 832304K->629052K(1013632K), 0.0133021 secs] [Times: user=0.02 sys=0.00, real=0.01 secs] 
2020-10-29T06:07:01.450-0800: 1.043: [GC (Allocation Failure) 2020-10-29T06:07:01.450-0800: 1.043: [DefNew: 314559K->34941K(314560K), 0.0125755 secs] 908668K->702596K(1013632K), 0.0126505 secs] [Times: user=0.01 sys=0.00, real=0.01 secs] 
Heap
 def new generation   total 314560K, used 71600K [0x0000000780000000, 0x0000000795550000, 0x0000000795550000)
  eden space 279616K,  13% used [0x0000000780000000, 0x00000007823cc9e8, 0x0000000791110000)
  from space 34944K,  99% used [0x0000000793330000, 0x000000079554f770, 0x0000000795550000)
  to   space 34944K,   0% used [0x0000000791110000, 0x0000000791110000, 0x0000000793330000)
 tenured generation   total 699072K, used 667654K [0x0000000795550000, 0x00000007c0000000, 0x00000007c0000000)
   the space 699072K,  95% used [0x0000000795550000, 0x00000007be151b00, 0x00000007be151c00, 0x00000007c0000000)
 Metaspace       used 2732K, capacity 4486K, committed 4864K, reserved 1056768K
  class space    used 296K, capacity 386K, committed 512K, reserved 1048576K
