Java HotSpot(TM) 64-Bit Server VM (25.271-b09) for bsd-amd64 JRE (1.8.0_271-b09), built on Sep 16 2020 16:54:38 by "java_re" with gcc 4.2.1 Compatible Apple LLVM 10.0.0 (clang-1000.11.45.5)
Memory: 4k page, physical 67108864k(1474040k free)

/proc/meminfo:

CommandLine flags: -XX:InitialHeapSize=1073741824 -XX:MaxHeapSize=1073741824 -XX:+PrintGC -XX:+PrintGCDateStamps -XX:+PrintGCDetails -XX:+PrintGCTimeStamps -XX:+UseCompressedClassPointers -XX:+UseCompressedOops -XX:+UseSerialGC 
2020-10-29T06:04:57.244-0800: 0.179: [GC (Allocation Failure) 2020-10-29T06:04:57.244-0800: 0.179: [DefNew: 279616K->34944K(314560K), 0.0347652 secs] 279616K->81016K(1013632K), 0.0348559 secs] [Times: user=0.02 sys=0.01, real=0.03 secs] 
2020-10-29T06:04:57.317-0800: 0.251: [GC (Allocation Failure) 2020-10-29T06:04:57.317-0800: 0.251: [DefNew: 314053K->34943K(314560K), 0.0449929 secs] 360126K->153691K(1013632K), 0.0450685 secs] [Times: user=0.03 sys=0.02, real=0.05 secs] 
2020-10-29T06:04:57.390-0800: 0.325: [GC (Allocation Failure) 2020-10-29T06:04:57.390-0800: 0.325: [DefNew: 314559K->34943K(314560K), 0.0421162 secs] 433307K->242555K(1013632K), 0.0421834 secs] [Times: user=0.03 sys=0.01, real=0.04 secs] 
2020-10-29T06:04:57.462-0800: 0.397: [GC (Allocation Failure) 2020-10-29T06:04:57.462-0800: 0.397: [DefNew: 314559K->34944K(314560K), 0.0389779 secs] 522171K->324350K(1013632K), 0.0390468 secs] [Times: user=0.03 sys=0.02, real=0.04 secs] 
2020-10-29T06:04:57.529-0800: 0.464: [GC (Allocation Failure) 2020-10-29T06:04:57.529-0800: 0.464: [DefNew: 314560K->34943K(314560K), 0.0419237 secs] 603966K->411011K(1013632K), 0.0419992 secs] [Times: user=0.03 sys=0.01, real=0.05 secs] 
2020-10-29T06:04:57.602-0800: 0.537: [GC (Allocation Failure) 2020-10-29T06:04:57.602-0800: 0.537: [DefNew: 314559K->34943K(314560K), 0.0359601 secs] 690627K->485677K(1013632K), 0.0360244 secs] [Times: user=0.02 sys=0.01, real=0.03 secs] 
2020-10-29T06:04:57.666-0800: 0.601: [GC (Allocation Failure) 2020-10-29T06:04:57.666-0800: 0.601: [DefNew: 314559K->34943K(314560K), 0.0385948 secs] 765293K->566122K(1013632K), 0.0386729 secs] [Times: user=0.03 sys=0.02, real=0.04 secs] 
2020-10-29T06:04:57.733-0800: 0.667: [GC (Allocation Failure) 2020-10-29T06:04:57.733-0800: 0.667: [DefNew: 314519K->34943K(314560K), 0.0406175 secs] 845698K->650783K(1013632K), 0.0406877 secs] [Times: user=0.03 sys=0.01, real=0.04 secs] 
2020-10-29T06:04:57.804-0800: 0.738: [GC (Allocation Failure) 2020-10-29T06:04:57.804-0800: 0.738: [DefNew: 314559K->314559K(314560K), 0.0000146 secs]2020-10-29T06:04:57.804-0800: 0.738: [Tenured: 615839K->387495K(699072K), 0.0506915 secs] 930399K->387495K(1013632K), [Metaspace: 2725K->2725K(1056768K)], 0.0508094 secs] [Times: user=0.05 sys=0.00, real=0.05 secs] 
2020-10-29T06:04:57.889-0800: 0.823: [GC (Allocation Failure) 2020-10-29T06:04:57.889-0800: 0.823: [DefNew: 279616K->34942K(314560K), 0.0100253 secs] 667111K->473064K(1013632K), 0.0100989 secs] [Times: user=0.01 sys=0.00, real=0.01 secs] 
2020-10-29T06:04:57.932-0800: 0.866: [GC (Allocation Failure) 2020-10-29T06:04:57.932-0800: 0.866: [DefNew: 314558K->34943K(314560K), 0.0127054 secs] 752680K->549412K(1013632K), 0.0127744 secs] [Times: user=0.01 sys=0.00, real=0.01 secs] 
2020-10-29T06:04:57.977-0800: 0.912: [GC (Allocation Failure) 2020-10-29T06:04:57.977-0800: 0.912: [DefNew: 314559K->34944K(314560K), 0.0130873 secs] 829028K->629668K(1013632K), 0.0131575 secs] [Times: user=0.02 sys=0.00, real=0.02 secs] 
2020-10-29T06:04:58.022-0800: 0.957: [GC (Allocation Failure) 2020-10-29T06:04:58.022-0800: 0.957: [DefNew: 314560K->34941K(314560K), 0.0348065 secs] 909284K->715201K(1013632K), 0.0348832 secs] [Times: user=0.02 sys=0.01, real=0.03 secs] 
2020-10-29T06:04:58.087-0800: 1.022: [GC (Allocation Failure) 2020-10-29T06:04:58.087-0800: 1.022: [DefNew: 314557K->314557K(314560K), 0.0000154 secs]2020-10-29T06:04:58.087-0800: 1.022: [Tenured: 680260K->398771K(699072K), 0.0468712 secs] 994817K->398771K(1013632K), [Metaspace: 2725K->2725K(1056768K)], 0.0469843 secs] [Times: user=0.05 sys=0.00, real=0.05 secs] 
Heap
 def new generation   total 314560K, used 17487K [0x0000000780000000, 0x0000000795550000, 0x0000000795550000)
  eden space 279616K,   6% used [0x0000000780000000, 0x0000000781113e88, 0x0000000791110000)
  from space 34944K,   0% used [0x0000000791110000, 0x0000000791110000, 0x0000000793330000)
  to   space 34944K,   0% used [0x0000000793330000, 0x0000000793330000, 0x0000000795550000)
 tenured generation   total 699072K, used 398771K [0x0000000795550000, 0x00000007c0000000, 0x00000007c0000000)
   the space 699072K,  57% used [0x0000000795550000, 0x00000007adabcd68, 0x00000007adabce00, 0x00000007c0000000)
 Metaspace       used 2732K, capacity 4486K, committed 4864K, reserved 1056768K
  class space    used 296K, capacity 386K, committed 512K, reserved 1048576K
